11:29:53 **** Incremental Build of configuration Debug for project Bootloader ****
make -j4 all 
'Building file: ../src/image_verify.c'
'Invoking: GNU ARM Cross C Compiler'
C:\Users\b3800274\.eclipse\com.renesas.platform_1476787444\Utilities\\/isdebuild arm-none-eabi-gcc -mcpu=cortex-m4 -mthumb -mfloat-abi=hard -mfpu=fpv4-sp-d16 -Og -fmessage-length=0 -fsigned-char -ffunction-sections -fdata-sections -Wunused -Wuninitialized -Wall -Wextra -Wmissing-declarations -Wconversion -Wpointer-arith -Wshadow -Wlogical-op -Waggregate-return -Wfloat-equal  -g3 -D_RENESAS_SYNERGY_ -I"C:\Work\SC32\SSP_2_0_0_YASB_GitHub_Public\Bootloader\synergy_cfg\ssp_cfg\bsp" -I"C:\Work\SC32\SSP_2_0_0_YASB_GitHub_Public\Bootloader\synergy_cfg\ssp_cfg\driver" -I"C:\Work\SC32\SSP_2_0_0_YASB_GitHub_Public\Bootloader\synergy\ssp\inc" -I"C:\Work\SC32\SSP_2_0_0_YASB_GitHub_Public\Bootloader\synergy\ssp\inc\bsp" -I"C:\Work\SC32\SSP_2_0_0_YASB_GitHub_Public\Bootloader\synergy\ssp\inc\bsp\cmsis\Include" -I"C:\Work\SC32\SSP_2_0_0_YASB_GitHub_Public\Bootloader\synergy\ssp\inc\driver\api" -I"C:\Work\SC32\SSP_2_0_0_YASB_GitHub_Public\Bootloader\synergy\ssp\inc\driver\instances" -I"C:\Work\SC32\SSP_2_0_0_YASB_GitHub_Public\Bootloader\src" -I"C:\Work\SC32\SSP_2_0_0_YASB_GitHub_Public\Bootloader\src\synergy_gen" -I"C:\Work\SC32\SSP_2_0_0_YASB_GitHub_Public\Bootloader\synergy\ssp\src\driver\r_sce" -std=c99 -MMD -MP -MF"src/image_verify.d" -MT"src/image_verify.o" -c -o "src/image_verify.o" -x c "../src/image_verify.c"
'Finished building: ../src/image_verify.c'
' '
'Building target: Bootloader.elf'
'Invoking: GNU ARM Cross C Linker'
arm-none-eabi-gcc @"Bootloader.elf.in"
'Finished building target: Bootloader.elf'
' '
'Invoking: GNU ARM Cross Create Flash Image'
arm-none-eabi-objcopy -O srec "Bootloader.elf"  "Bootloader.srec"
'Invoking: GNU ARM Cross Print Size'
arm-none-eabi-size --format=berkeley "Bootloader.elf"
   text	   data	    bss	    dec	    hex	filename
  60436	      0	  19284	  79720	  13768	Bootloader.elf
'Finished building: Bootloader.srec'
'Finished building: Bootloader.siz'
' '
' '

11:29:58 Build Finished. 0 errors, 0 warnings. (took 4s.577ms)

