11:43:37 **** Build of configuration Debug for project Bootloader ****
make -j4 all 
'Building file: ../synergy/ssp/src/driver/r_sci_uart/r_sci_uart.c'
'Building file: ../synergy/ssp/src/driver/r_qspi/r_qspi.c'
'Building file: ../synergy/ssp/src/driver/r_flash_hp/hw/target/hw_flash_hp.c'
'Building file: ../synergy/ssp/src/driver/r_ioport/r_ioport.c'
'Invoking: GNU ARM Cross C Compiler'
'Invoking: GNU ARM Cross C Compiler'
'Invoking: GNU ARM Cross C Compiler'
C:\Users\b3800274\.eclipse\com.renesas.platform_1476787444\Utilities\\/isdebuild arm-none-eabi-gcc -mcpu=cortex-m4 -mthumb -mfloat-abi=hard -mfpu=fpv4-sp-d16 -Og -fmessage-length=0 -fsigned-char -ffunction-sections -fdata-sections -Wunused -Wuninitialized -Wall -Wextra -Wmissing-declarations -Wconversion -Wpointer-arith -Wshadow -Wlogical-op -Waggregate-return -Wfloat-equal  -g3 -D_RENESAS_SYNERGY_ -I"C:\Work\SC32\SSP_2_0_0_YASB_GitHub_Public\Bootloader\synergy_cfg\ssp_cfg\bsp" -I"C:\Work\SC32\SSP_2_0_0_YASB_GitHub_Public\Bootloader\synergy_cfg\ssp_cfg\driver" -I"C:\Work\SC32\SSP_2_0_0_YASB_GitHub_Public\Bootloader\synergy\ssp\inc" -I"C:\Work\SC32\SSP_2_0_0_YASB_GitHub_Public\Bootloader\synergy\ssp\inc\bsp" -I"C:\Work\SC32\SSP_2_0_0_YASB_GitHub_Public\Bootloader\synergy\ssp\inc\bsp\cmsis\Include" -I"C:\Work\SC32\SSP_2_0_0_YASB_GitHub_Public\Bootloader\synergy\ssp\inc\driver\api" -I"C:\Work\SC32\SSP_2_0_0_YASB_GitHub_Public\Bootloader\synergy\ssp\inc\driver\instances" -I"C:\Work\SC32\SSP_2_0_0_YASB_GitHub_Public\Bootloader\src" -I"C:\Work\SC32\SSP_2_0_0_YASB_GitHub_Public\Bootloader\src\synergy_gen" -I"C:\Work\SC32\SSP_2_0_0_YASB_GitHub_Public\Bootloader\synergy\ssp\src\driver\r_sce" -std=c99 -MMD -MP -MF"synergy/ssp/src/driver/r_qspi/r_qspi.d" -MT"synergy/ssp/src/driver/r_qspi/r_qspi.o" -c -o "synergy/ssp/src/driver/r_qspi/r_qspi.o" -x c "../synergy/ssp/src/driver/r_qspi/r_qspi.c"
C:\Users\b3800274\.eclipse\com.renesas.platform_1476787444\Utilities\\/isdebuild arm-none-eabi-gcc -mcpu=cortex-m4 -mthumb -mfloat-abi=hard -mfpu=fpv4-sp-d16 -Og -fmessage-length=0 -fsigned-char -ffunction-sections -fdata-sections -Wunused -Wuninitialized -Wall -Wextra -Wmissing-declarations -Wconversion -Wpointer-arith -Wshadow -Wlogical-op -Waggregate-return -Wfloat-equal  -g3 -D_RENESAS_SYNERGY_ -I"C:\Work\SC32\SSP_2_0_0_YASB_GitHub_Public\Bootloader\synergy_cfg\ssp_cfg\bsp" -I"C:\Work\SC32\SSP_2_0_0_YASB_GitHub_Public\Bootloader\synergy_cfg\ssp_cfg\driver" -I"C:\Work\SC32\SSP_2_0_0_YASB_GitHub_Public\Bootloader\synergy\ssp\inc" -I"C:\Work\SC32\SSP_2_0_0_YASB_GitHub_Public\Bootloader\synergy\ssp\inc\bsp" -I"C:\Work\SC32\SSP_2_0_0_YASB_GitHub_Public\Bootloader\synergy\ssp\inc\bsp\cmsis\Include" -I"C:\Work\SC32\SSP_2_0_0_YASB_GitHub_Public\Bootloader\synergy\ssp\inc\driver\api" -I"C:\Work\SC32\SSP_2_0_0_YASB_GitHub_Public\Bootloader\synergy\ssp\inc\driver\instances" -I"C:\Work\SC32\SSP_2_0_0_YASB_GitHub_Public\Bootloader\src" -I"C:\Work\SC32\SSP_2_0_0_YASB_GitHub_Public\Bootloader\src\synergy_gen" -I"C:\Work\SC32\SSP_2_0_0_YASB_GitHub_Public\Bootloader\synergy\ssp\src\driver\r_sce" -std=c99 -MMD -MP -MF"synergy/ssp/src/driver/r_sci_uart/r_sci_uart.d" -MT"synergy/ssp/src/driver/r_sci_uart/r_sci_uart.o" -c -o "synergy/ssp/src/driver/r_sci_uart/r_sci_uart.o" -x c "../synergy/ssp/src/driver/r_sci_uart/r_sci_uart.c"
C:\Users\b3800274\.eclipse\com.renesas.platform_1476787444\Utilities\\/isdebuild arm-none-eabi-gcc -mcpu=cortex-m4 -mthumb -mfloat-abi=hard -mfpu=fpv4-sp-d16 -Og -fmessage-length=0 -fsigned-char -ffunction-sections -fdata-sections -Wunused -Wuninitialized -Wall -Wextra -Wmissing-declarations -Wconversion -Wpointer-arith -Wshadow -Wlogical-op -Waggregate-return -Wfloat-equal  -g3 -D_RENESAS_SYNERGY_ -I"C:\Work\SC32\SSP_2_0_0_YASB_GitHub_Public\Bootloader\synergy_cfg\ssp_cfg\bsp" -I"C:\Work\SC32\SSP_2_0_0_YASB_GitHub_Public\Bootloader\synergy_cfg\ssp_cfg\driver" -I"C:\Work\SC32\SSP_2_0_0_YASB_GitHub_Public\Bootloader\synergy\ssp\inc" -I"C:\Work\SC32\SSP_2_0_0_YASB_GitHub_Public\Bootloader\synergy\ssp\inc\bsp" -I"C:\Work\SC32\SSP_2_0_0_YASB_GitHub_Public\Bootloader\synergy\ssp\inc\bsp\cmsis\Include" -I"C:\Work\SC32\SSP_2_0_0_YASB_GitHub_Public\Bootloader\synergy\ssp\inc\driver\api" -I"C:\Work\SC32\SSP_2_0_0_YASB_GitHub_Public\Bootloader\synergy\ssp\inc\driver\instances" -I"C:\Work\SC32\SSP_2_0_0_YASB_GitHub_Public\Bootloader\src" -I"C:\Work\SC32\SSP_2_0_0_YASB_GitHub_Public\Bootloader\src\synergy_gen" -I"C:\Work\SC32\SSP_2_0_0_YASB_GitHub_Public\Bootloader\synergy\ssp\src\driver\r_sce" -std=c99 -MMD -MP -MF"synergy/ssp/src/driver/r_ioport/r_ioport.d" -MT"synergy/ssp/src/driver/r_ioport/r_ioport.o" -c -o "synergy/ssp/src/driver/r_ioport/r_ioport.o" -x c "../synergy/ssp/src/driver/r_ioport/r_ioport.c"
'Invoking: GNU ARM Cross C Compiler'
C:\Users\b3800274\.eclipse\com.renesas.platform_1476787444\Utilities\\/isdebuild arm-none-eabi-gcc -mcpu=cortex-m4 -mthumb -mfloat-abi=hard -mfpu=fpv4-sp-d16 -Og -fmessage-length=0 -fsigned-char -ffunction-sections -fdata-sections -Wunused -Wuninitialized -Wall -Wextra -Wmissing-declarations -Wconversion -Wpointer-arith -Wshadow -Wlogical-op -Waggregate-return -Wfloat-equal  -g3 -D_RENESAS_SYNERGY_ -I"C:\Work\SC32\SSP_2_0_0_YASB_GitHub_Public\Bootloader\synergy_cfg\ssp_cfg\bsp" -I"C:\Work\SC32\SSP_2_0_0_YASB_GitHub_Public\Bootloader\synergy_cfg\ssp_cfg\driver" -I"C:\Work\SC32\SSP_2_0_0_YASB_GitHub_Public\Bootloader\synergy\ssp\inc" -I"C:\Work\SC32\SSP_2_0_0_YASB_GitHub_Public\Bootloader\synergy\ssp\inc\bsp" -I"C:\Work\SC32\SSP_2_0_0_YASB_GitHub_Public\Bootloader\synergy\ssp\inc\bsp\cmsis\Include" -I"C:\Work\SC32\SSP_2_0_0_YASB_GitHub_Public\Bootloader\synergy\ssp\inc\driver\api" -I"C:\Work\SC32\SSP_2_0_0_YASB_GitHub_Public\Bootloader\synergy\ssp\inc\driver\instances" -I"C:\Work\SC32\SSP_2_0_0_YASB_GitHub_Public\Bootloader\src" -I"C:\Work\SC32\SSP_2_0_0_YASB_GitHub_Public\Bootloader\src\synergy_gen" -I"C:\Work\SC32\SSP_2_0_0_YASB_GitHub_Public\Bootloader\synergy\ssp\src\driver\r_sce" -std=c99 -MMD -MP -MF"synergy/ssp/src/driver/r_flash_hp/hw/target/hw_flash_hp.d" -MT"synergy/ssp/src/driver/r_flash_hp/hw/target/hw_flash_hp.o" -c -o "synergy/ssp/src/driver/r_flash_hp/hw/target/hw_flash_hp.o" -x c "../synergy/ssp/src/driver/r_flash_hp/hw/target/hw_flash_hp.c"
'Finished building: ../synergy/ssp/src/driver/r_sci_uart/r_sci_uart.c'
'Finished building: ../synergy/ssp/src/driver/r_qspi/r_qspi.c'
' '
' '
'Finished building: ../synergy/ssp/src/driver/r_ioport/r_ioport.c'
'Building file: ../synergy/ssp/src/driver/r_flash_hp/r_flash_hp.c'
'Finished building: ../synergy/ssp/src/driver/r_flash_hp/hw/target/hw_flash_hp.c'
' '
'Building file: ../synergy/ssp/src/driver/r_elc/r_elc.c'
' '
'Invoking: GNU ARM Cross C Compiler'
'Building file: ../synergy/ssp/src/driver/r_dtc/r_dtc.c'
C:\Users\b3800274\.eclipse\com.renesas.platform_1476787444\Utilities\\/isdebuild arm-none-eabi-gcc -mcpu=cortex-m4 -mthumb -mfloat-abi=hard -mfpu=fpv4-sp-d16 -Og -fmessage-length=0 -fsigned-char -ffunction-sections -fdata-sections -Wunused -Wuninitialized -Wall -Wextra -Wmissing-declarations -Wconversion -Wpointer-arith -Wshadow -Wlogical-op -Waggregate-return -Wfloat-equal  -g3 -D_RENESAS_SYNERGY_ -I"C:\Work\SC32\SSP_2_0_0_YASB_GitHub_Public\Bootloader\synergy_cfg\ssp_cfg\bsp" -I"C:\Work\SC32\SSP_2_0_0_YASB_GitHub_Public\Bootloader\synergy_cfg\ssp_cfg\driver" -I"C:\Work\SC32\SSP_2_0_0_YASB_GitHub_Public\Bootloader\synergy\ssp\inc" -I"C:\Work\SC32\SSP_2_0_0_YASB_GitHub_Public\Bootloader\synergy\ssp\inc\bsp" -I"C:\Work\SC32\SSP_2_0_0_YASB_GitHub_Public\Bootloader\synergy\ssp\inc\bsp\cmsis\Include" -I"C:\Work\SC32\SSP_2_0_0_YASB_GitHub_Public\Bootloader\synergy\ssp\inc\driver\api" -I"C:\Work\SC32\SSP_2_0_0_YASB_GitHub_Public\Bootloader\synergy\ssp\inc\driver\instances" -I"C:\Work\SC32\SSP_2_0_0_YASB_GitHub_Public\Bootloader\src" -I"C:\Work\SC32\SSP_2_0_0_YASB_GitHub_Public\Bootloader\src\synergy_gen" -I"C:\Work\SC32\SSP_2_0_0_YASB_GitHub_Public\Bootloader\synergy\ssp\src\driver\r_sce" -std=c99 -MMD -MP -MF"synergy/ssp/src/driver/r_flash_hp/r_flash_hp.d" -MT"synergy/ssp/src/driver/r_flash_hp/r_flash_hp.o" -c -o "synergy/ssp/src/driver/r_flash_hp/r_flash_hp.o" -x c "../synergy/ssp/src/driver/r_flash_hp/r_flash_hp.c"
'Invoking: GNU ARM Cross C Compiler'
C:\Users\b3800274\.eclipse\com.renesas.platform_1476787444\Utilities\\/isdebuild arm-none-eabi-gcc -mcpu=cortex-m4 -mthumb -mfloat-abi=hard -mfpu=fpv4-sp-d16 -Og -fmessage-length=0 -fsigned-char -ffunction-sections -fdata-sections -Wunused -Wuninitialized -Wall -Wextra -Wmissing-declarations -Wconversion -Wpointer-arith -Wshadow -Wlogical-op -Waggregate-return -Wfloat-equal  -g3 -D_RENESAS_SYNERGY_ -I"C:\Work\SC32\SSP_2_0_0_YASB_GitHub_Public\Bootloader\synergy_cfg\ssp_cfg\bsp" -I"C:\Work\SC32\SSP_2_0_0_YASB_GitHub_Public\Bootloader\synergy_cfg\ssp_cfg\driver" -I"C:\Work\SC32\SSP_2_0_0_YASB_GitHub_Public\Bootloader\synergy\ssp\inc" -I"C:\Work\SC32\SSP_2_0_0_YASB_GitHub_Public\Bootloader\synergy\ssp\inc\bsp" -I"C:\Work\SC32\SSP_2_0_0_YASB_GitHub_Public\Bootloader\synergy\ssp\inc\bsp\cmsis\Include" -I"C:\Work\SC32\SSP_2_0_0_YASB_GitHub_Public\Bootloader\synergy\ssp\inc\driver\api" -I"C:\Work\SC32\SSP_2_0_0_YASB_GitHub_Public\Bootloader\synergy\ssp\inc\driver\instances" -I"C:\Work\SC32\SSP_2_0_0_YASB_GitHub_Public\Bootloader\src" -I"C:\Work\SC32\SSP_2_0_0_YASB_GitHub_Public\Bootloader\src\synergy_gen" -I"C:\Work\SC32\SSP_2_0_0_YASB_GitHub_Public\Bootloader\synergy\ssp\src\driver\r_sce" -std=c99 -MMD -MP -MF"synergy/ssp/src/driver/r_elc/r_elc.d" -MT"synergy/ssp/src/driver/r_elc/r_elc.o" -c -o "synergy/ssp/src/driver/r_elc/r_elc.o" -x c "../synergy/ssp/src/driver/r_elc/r_elc.c"
'Building file: ../synergy/ssp/src/driver/r_cgc/r_cgc.c'
'Invoking: GNU ARM Cross C Compiler'
C:\Users\b3800274\.eclipse\com.renesas.platform_1476787444\Utilities\\/isdebuild arm-none-eabi-gcc -mcpu=cortex-m4 -mthumb -mfloat-abi=hard -mfpu=fpv4-sp-d16 -Og -fmessage-length=0 -fsigned-char -ffunction-sections -fdata-sections -Wunused -Wuninitialized -Wall -Wextra -Wmissing-declarations -Wconversion -Wpointer-arith -Wshadow -Wlogical-op -Waggregate-return -Wfloat-equal  -g3 -D_RENESAS_SYNERGY_ -I"C:\Work\SC32\SSP_2_0_0_YASB_GitHub_Public\Bootloader\synergy_cfg\ssp_cfg\bsp" -I"C:\Work\SC32\SSP_2_0_0_YASB_GitHub_Public\Bootloader\synergy_cfg\ssp_cfg\driver" -I"C:\Work\SC32\SSP_2_0_0_YASB_GitHub_Public\Bootloader\synergy\ssp\inc" -I"C:\Work\SC32\SSP_2_0_0_YASB_GitHub_Public\Bootloader\synergy\ssp\inc\bsp" -I"C:\Work\SC32\SSP_2_0_0_YASB_GitHub_Public\Bootloader\synergy\ssp\inc\bsp\cmsis\Include" -I"C:\Work\SC32\SSP_2_0_0_YASB_GitHub_Public\Bootloader\synergy\ssp\inc\driver\api" -I"C:\Work\SC32\SSP_2_0_0_YASB_GitHub_Public\Bootloader\synergy\ssp\inc\driver\instances" -I"C:\Work\SC32\SSP_2_0_0_YASB_GitHub_Public\Bootloader\src" -I"C:\Work\SC32\SSP_2_0_0_YASB_GitHub_Public\Bootloader\src\synergy_gen" -I"C:\Work\SC32\SSP_2_0_0_YASB_GitHub_Public\Bootloader\synergy\ssp\src\driver\r_sce" -std=c99 -MMD -MP -MF"synergy/ssp/src/driver/r_dtc/r_dtc.d" -MT"synergy/ssp/src/driver/r_dtc/r_dtc.o" -c -o "synergy/ssp/src/driver/r_dtc/r_dtc.o" -x c "../synergy/ssp/src/driver/r_dtc/r_dtc.c"
'Invoking: GNU ARM Cross C Compiler'
C:\Users\b3800274\.eclipse\com.renesas.platform_1476787444\Utilities\\/isdebuild arm-none-eabi-gcc -mcpu=cortex-m4 -mthumb -mfloat-abi=hard -mfpu=fpv4-sp-d16 -Og -fmessage-length=0 -fsigned-char -ffunction-sections -fdata-sections -Wunused -Wuninitialized -Wall -Wextra -Wmissing-declarations -Wconversion -Wpointer-arith -Wshadow -Wlogical-op -Waggregate-return -Wfloat-equal  -g3 -D_RENESAS_SYNERGY_ -I"C:\Work\SC32\SSP_2_0_0_YASB_GitHub_Public\Bootloader\synergy_cfg\ssp_cfg\bsp" -I"C:\Work\SC32\SSP_2_0_0_YASB_GitHub_Public\Bootloader\synergy_cfg\ssp_cfg\driver" -I"C:\Work\SC32\SSP_2_0_0_YASB_GitHub_Public\Bootloader\synergy\ssp\inc" -I"C:\Work\SC32\SSP_2_0_0_YASB_GitHub_Public\Bootloader\synergy\ssp\inc\bsp" -I"C:\Work\SC32\SSP_2_0_0_YASB_GitHub_Public\Bootloader\synergy\ssp\inc\bsp\cmsis\Include" -I"C:\Work\SC32\SSP_2_0_0_YASB_GitHub_Public\Bootloader\synergy\ssp\inc\driver\api" -I"C:\Work\SC32\SSP_2_0_0_YASB_GitHub_Public\Bootloader\synergy\ssp\inc\driver\instances" -I"C:\Work\SC32\SSP_2_0_0_YASB_GitHub_Public\Bootloader\src" -I"C:\Work\SC32\SSP_2_0_0_YASB_GitHub_Public\Bootloader\src\synergy_gen" -I"C:\Work\SC32\SSP_2_0_0_YASB_GitHub_Public\Bootloader\synergy\ssp\src\driver\r_sce" -std=c99 -MMD -MP -MF"synergy/ssp/src/driver/r_cgc/r_cgc.d" -MT"synergy/ssp/src/driver/r_cgc/r_cgc.o" -c -o "synergy/ssp/src/driver/r_cgc/r_cgc.o" -x c "../synergy/ssp/src/driver/r_cgc/r_cgc.c"
'Finished building: ../synergy/ssp/src/driver/r_elc/r_elc.c'
'Finished building: ../synergy/ssp/src/driver/r_flash_hp/r_flash_hp.c'
' '
'Building file: ../synergy/ssp/src/bsp/mcu/s5d9/bsp_cache.c'
' '
'Finished building: ../synergy/ssp/src/driver/r_dtc/r_dtc.c'
'Building file: ../synergy/ssp/src/bsp/mcu/s5d9/bsp_clocks.c'
'Invoking: GNU ARM Cross C Compiler'
C:\Users\b3800274\.eclipse\com.renesas.platform_1476787444\Utilities\\/isdebuild arm-none-eabi-gcc -mcpu=cortex-m4 -mthumb -mfloat-abi=hard -mfpu=fpv4-sp-d16 -Og -fmessage-length=0 -fsigned-char -ffunction-sections -fdata-sections -Wunused -Wuninitialized -Wall -Wextra -Wmissing-declarations -Wconversion -Wpointer-arith -Wshadow -Wlogical-op -Waggregate-return -Wfloat-equal  -g3 -D_RENESAS_SYNERGY_ -I"C:\Work\SC32\SSP_2_0_0_YASB_GitHub_Public\Bootloader\synergy_cfg\ssp_cfg\bsp" -I"C:\Work\SC32\SSP_2_0_0_YASB_GitHub_Public\Bootloader\synergy_cfg\ssp_cfg\driver" -I"C:\Work\SC32\SSP_2_0_0_YASB_GitHub_Public\Bootloader\synergy\ssp\inc" -I"C:\Work\SC32\SSP_2_0_0_YASB_GitHub_Public\Bootloader\synergy\ssp\inc\bsp" -I"C:\Work\SC32\SSP_2_0_0_YASB_GitHub_Public\Bootloader\synergy\ssp\inc\bsp\cmsis\Include" -I"C:\Work\SC32\SSP_2_0_0_YASB_GitHub_Public\Bootloader\synergy\ssp\inc\driver\api" -I"C:\Work\SC32\SSP_2_0_0_YASB_GitHub_Public\Bootloader\synergy\ssp\inc\driver\instances" -I"C:\Work\SC32\SSP_2_0_0_YASB_GitHub_Public\Bootloader\src" -I"C:\Work\SC32\SSP_2_0_0_YASB_GitHub_Public\Bootloader\src\synergy_gen" -I"C:\Work\SC32\SSP_2_0_0_YASB_GitHub_Public\Bootloader\synergy\ssp\src\driver\r_sce" -std=c99 -MMD -MP -MF"synergy/ssp/src/bsp/mcu/s5d9/bsp_cache.d" -MT"synergy/ssp/src/bsp/mcu/s5d9/bsp_cache.o" -c -o "synergy/ssp/src/bsp/mcu/s5d9/bsp_cache.o" -x c "../synergy/ssp/src/bsp/mcu/s5d9/bsp_cache.c"
' '
'Invoking: GNU ARM Cross C Compiler'
'Building file: ../synergy/ssp/src/bsp/mcu/s5d9/bsp_feature.c'
C:\Users\b3800274\.eclipse\com.renesas.platform_1476787444\Utilities\\/isdebuild arm-none-eabi-gcc -mcpu=cortex-m4 -mthumb -mfloat-abi=hard -mfpu=fpv4-sp-d16 -Og -fmessage-length=0 -fsigned-char -ffunction-sections -fdata-sections -Wunused -Wuninitialized -Wall -Wextra -Wmissing-declarations -Wconversion -Wpointer-arith -Wshadow -Wlogical-op -Waggregate-return -Wfloat-equal  -g3 -D_RENESAS_SYNERGY_ -I"C:\Work\SC32\SSP_2_0_0_YASB_GitHub_Public\Bootloader\synergy_cfg\ssp_cfg\bsp" -I"C:\Work\SC32\SSP_2_0_0_YASB_GitHub_Public\Bootloader\synergy_cfg\ssp_cfg\driver" -I"C:\Work\SC32\SSP_2_0_0_YASB_GitHub_Public\Bootloader\synergy\ssp\inc" -I"C:\Work\SC32\SSP_2_0_0_YASB_GitHub_Public\Bootloader\synergy\ssp\inc\bsp" -I"C:\Work\SC32\SSP_2_0_0_YASB_GitHub_Public\Bootloader\synergy\ssp\inc\bsp\cmsis\Include" -I"C:\Work\SC32\SSP_2_0_0_YASB_GitHub_Public\Bootloader\synergy\ssp\inc\driver\api" -I"C:\Work\SC32\SSP_2_0_0_YASB_GitHub_Public\Bootloader\synergy\ssp\inc\driver\instances" -I"C:\Work\SC32\SSP_2_0_0_YASB_GitHub_Public\Bootloader\src" -I"C:\Work\SC32\SSP_2_0_0_YASB_GitHub_Public\Bootloader\src\synergy_gen" -I"C:\Work\SC32\SSP_2_0_0_YASB_GitHub_Public\Bootloader\synergy\ssp\src\driver\r_sce" -std=c99 -MMD -MP -MF"synergy/ssp/src/bsp/mcu/s5d9/bsp_clocks.d" -MT"synergy/ssp/src/bsp/mcu/s5d9/bsp_clocks.o" -c -o "synergy/ssp/src/bsp/mcu/s5d9/bsp_clocks.o" -x c "../synergy/ssp/src/bsp/mcu/s5d9/bsp_clocks.c"
'Invoking: GNU ARM Cross C Compiler'
C:\Users\b3800274\.eclipse\com.renesas.platform_1476787444\Utilities\\/isdebuild arm-none-eabi-gcc -mcpu=cortex-m4 -mthumb -mfloat-abi=hard -mfpu=fpv4-sp-d16 -Og -fmessage-length=0 -fsigned-char -ffunction-sections -fdata-sections -Wunused -Wuninitialized -Wall -Wextra -Wmissing-declarations -Wconversion -Wpointer-arith -Wshadow -Wlogical-op -Waggregate-return -Wfloat-equal  -g3 -D_RENESAS_SYNERGY_ -I"C:\Work\SC32\SSP_2_0_0_YASB_GitHub_Public\Bootloader\synergy_cfg\ssp_cfg\bsp" -I"C:\Work\SC32\SSP_2_0_0_YASB_GitHub_Public\Bootloader\synergy_cfg\ssp_cfg\driver" -I"C:\Work\SC32\SSP_2_0_0_YASB_GitHub_Public\Bootloader\synergy\ssp\inc" -I"C:\Work\SC32\SSP_2_0_0_YASB_GitHub_Public\Bootloader\synergy\ssp\inc\bsp" -I"C:\Work\SC32\SSP_2_0_0_YASB_GitHub_Public\Bootloader\synergy\ssp\inc\bsp\cmsis\Include" -I"C:\Work\SC32\SSP_2_0_0_YASB_GitHub_Public\Bootloader\synergy\ssp\inc\driver\api" -I"C:\Work\SC32\SSP_2_0_0_YASB_GitHub_Public\Bootloader\synergy\ssp\inc\driver\instances" -I"C:\Work\SC32\SSP_2_0_0_YASB_GitHub_Public\Bootloader\src" -I"C:\Work\SC32\SSP_2_0_0_YASB_GitHub_Public\Bootloader\src\synergy_gen" -I"C:\Work\SC32\SSP_2_0_0_YASB_GitHub_Public\Bootloader\synergy\ssp\src\driver\r_sce" -std=c99 -MMD -MP -MF"synergy/ssp/src/bsp/mcu/s5d9/bsp_feature.d" -MT"synergy/ssp/src/bsp/mcu/s5d9/bsp_feature.o" -c -o "synergy/ssp/src/bsp/mcu/s5d9/bsp_feature.o" -x c "../synergy/ssp/src/bsp/mcu/s5d9/bsp_feature.c"
'Finished building: ../synergy/ssp/src/driver/r_cgc/r_cgc.c'
' '
'Building file: ../synergy/ssp/src/bsp/mcu/s5d9/bsp_group_irq.c'
'Invoking: GNU ARM Cross C Compiler'
C:\Users\b3800274\.eclipse\com.renesas.platform_1476787444\Utilities\\/isdebuild arm-none-eabi-gcc -mcpu=cortex-m4 -mthumb -mfloat-abi=hard -mfpu=fpv4-sp-d16 -Og -fmessage-length=0 -fsigned-char -ffunction-sections -fdata-sections -Wunused -Wuninitialized -Wall -Wextra -Wmissing-declarations -Wconversion -Wpointer-arith -Wshadow -Wlogical-op -Waggregate-return -Wfloat-equal  -g3 -D_RENESAS_SYNERGY_ -I"C:\Work\SC32\SSP_2_0_0_YASB_GitHub_Public\Bootloader\synergy_cfg\ssp_cfg\bsp" -I"C:\Work\SC32\SSP_2_0_0_YASB_GitHub_Public\Bootloader\synergy_cfg\ssp_cfg\driver" -I"C:\Work\SC32\SSP_2_0_0_YASB_GitHub_Public\Bootloader\synergy\ssp\inc" -I"C:\Work\SC32\SSP_2_0_0_YASB_GitHub_Public\Bootloader\synergy\ssp\inc\bsp" -I"C:\Work\SC32\SSP_2_0_0_YASB_GitHub_Public\Bootloader\synergy\ssp\inc\bsp\cmsis\Include" -I"C:\Work\SC32\SSP_2_0_0_YASB_GitHub_Public\Bootloader\synergy\ssp\inc\driver\api" -I"C:\Work\SC32\SSP_2_0_0_YASB_GitHub_Public\Bootloader\synergy\ssp\inc\driver\instances" -I"C:\Work\SC32\SSP_2_0_0_YASB_GitHub_Public\Bootloader\src" -I"C:\Work\SC32\SSP_2_0_0_YASB_GitHub_Public\Bootloader\src\synergy_gen" -I"C:\Work\SC32\SSP_2_0_0_YASB_GitHub_Public\Bootloader\synergy\ssp\src\driver\r_sce" -std=c99 -MMD -MP -MF"synergy/ssp/src/bsp/mcu/s5d9/bsp_group_irq.d" -MT"synergy/ssp/src/bsp/mcu/s5d9/bsp_group_irq.o" -c -o "synergy/ssp/src/bsp/mcu/s5d9/bsp_group_irq.o" -x c "../synergy/ssp/src/bsp/mcu/s5d9/bsp_group_irq.c"
'Finished building: ../synergy/ssp/src/bsp/mcu/s5d9/bsp_cache.c'
' '
'Finished building: ../synergy/ssp/src/bsp/mcu/s5d9/bsp_clocks.c'
'Building file: ../synergy/ssp/src/bsp/mcu/s5d9/bsp_hw_locks.c'
'Finished building: ../synergy/ssp/src/bsp/mcu/s5d9/bsp_feature.c'
' '
'Invoking: GNU ARM Cross C Compiler'
' '
C:\Users\b3800274\.eclipse\com.renesas.platform_1476787444\Utilities\\/isdebuild arm-none-eabi-gcc -mcpu=cortex-m4 -mthumb -mfloat-abi=hard -mfpu=fpv4-sp-d16 -Og -fmessage-length=0 -fsigned-char -ffunction-sections -fdata-sections -Wunused -Wuninitialized -Wall -Wextra -Wmissing-declarations -Wconversion -Wpointer-arith -Wshadow -Wlogical-op -Waggregate-return -Wfloat-equal  -g3 -D_RENESAS_SYNERGY_ -I"C:\Work\SC32\SSP_2_0_0_YASB_GitHub_Public\Bootloader\synergy_cfg\ssp_cfg\bsp" -I"C:\Work\SC32\SSP_2_0_0_YASB_GitHub_Public\Bootloader\synergy_cfg\ssp_cfg\driver" -I"C:\Work\SC32\SSP_2_0_0_YASB_GitHub_Public\Bootloader\synergy\ssp\inc" -I"C:\Work\SC32\SSP_2_0_0_YASB_GitHub_Public\Bootloader\synergy\ssp\inc\bsp" -I"C:\Work\SC32\SSP_2_0_0_YASB_GitHub_Public\Bootloader\synergy\ssp\inc\bsp\cmsis\Include" -I"C:\Work\SC32\SSP_2_0_0_YASB_GitHub_Public\Bootloader\synergy\ssp\inc\driver\api" -I"C:\Work\SC32\SSP_2_0_0_YASB_GitHub_Public\Bootloader\synergy\ssp\inc\driver\instances" -I"C:\Work\SC32\SSP_2_0_0_YASB_GitHub_Public\Bootloader\src" -I"C:\Work\SC32\SSP_2_0_0_YASB_GitHub_Public\Bootloader\src\synergy_gen" -I"C:\Work\SC32\SSP_2_0_0_YASB_GitHub_Public\Bootloader\synergy\ssp\src\driver\r_sce" -std=c99 -MMD -MP -MF"synergy/ssp/src/bsp/mcu/s5d9/bsp_hw_locks.d" -MT"synergy/ssp/src/bsp/mcu/s5d9/bsp_hw_locks.o" -c -o "synergy/ssp/src/bsp/mcu/s5d9/bsp_hw_locks.o" -x c "../synergy/ssp/src/bsp/mcu/s5d9/bsp_hw_locks.c"
'Building file: ../synergy/ssp/src/bsp/mcu/s5d9/bsp_module_stop.c'
'Building file: ../synergy/ssp/src/bsp/mcu/s5d9/bsp_rom_registers.c'
'Invoking: GNU ARM Cross C Compiler'
C:\Users\b3800274\.eclipse\com.renesas.platform_1476787444\Utilities\\/isdebuild arm-none-eabi-gcc -mcpu=cortex-m4 -mthumb -mfloat-abi=hard -mfpu=fpv4-sp-d16 -Og -fmessage-length=0 -fsigned-char -ffunction-sections -fdata-sections -Wunused -Wuninitialized -Wall -Wextra -Wmissing-declarations -Wconversion -Wpointer-arith -Wshadow -Wlogical-op -Waggregate-return -Wfloat-equal  -g3 -D_RENESAS_SYNERGY_ -I"C:\Work\SC32\SSP_2_0_0_YASB_GitHub_Public\Bootloader\synergy_cfg\ssp_cfg\bsp" -I"C:\Work\SC32\SSP_2_0_0_YASB_GitHub_Public\Bootloader\synergy_cfg\ssp_cfg\driver" -I"C:\Work\SC32\SSP_2_0_0_YASB_GitHub_Public\Bootloader\synergy\ssp\inc" -I"C:\Work\SC32\SSP_2_0_0_YASB_GitHub_Public\Bootloader\synergy\ssp\inc\bsp" -I"C:\Work\SC32\SSP_2_0_0_YASB_GitHub_Public\Bootloader\synergy\ssp\inc\bsp\cmsis\Include" -I"C:\Work\SC32\SSP_2_0_0_YASB_GitHub_Public\Bootloader\synergy\ssp\inc\driver\api" -I"C:\Work\SC32\SSP_2_0_0_YASB_GitHub_Public\Bootloader\synergy\ssp\inc\driver\instances" -I"C:\Work\SC32\SSP_2_0_0_YASB_GitHub_Public\Bootloader\src" -I"C:\Work\SC32\SSP_2_0_0_YASB_GitHub_Public\Bootloader\src\synergy_gen" -I"C:\Work\SC32\SSP_2_0_0_YASB_GitHub_Public\Bootloader\synergy\ssp\src\driver\r_sce" -std=c99 -MMD -MP -MF"synergy/ssp/src/bsp/mcu/s5d9/bsp_module_stop.d" -MT"synergy/ssp/src/bsp/mcu/s5d9/bsp_module_stop.o" -c -o "synergy/ssp/src/bsp/mcu/s5d9/bsp_module_stop.o" -x c "../synergy/ssp/src/bsp/mcu/s5d9/bsp_module_stop.c"
'Invoking: GNU ARM Cross C Compiler'
C:\Users\b3800274\.eclipse\com.renesas.platform_1476787444\Utilities\\/isdebuild arm-none-eabi-gcc -mcpu=cortex-m4 -mthumb -mfloat-abi=hard -mfpu=fpv4-sp-d16 -Og -fmessage-length=0 -fsigned-char -ffunction-sections -fdata-sections -Wunused -Wuninitialized -Wall -Wextra -Wmissing-declarations -Wconversion -Wpointer-arith -Wshadow -Wlogical-op -Waggregate-return -Wfloat-equal  -g3 -D_RENESAS_SYNERGY_ -I"C:\Work\SC32\SSP_2_0_0_YASB_GitHub_Public\Bootloader\synergy_cfg\ssp_cfg\bsp" -I"C:\Work\SC32\SSP_2_0_0_YASB_GitHub_Public\Bootloader\synergy_cfg\ssp_cfg\driver" -I"C:\Work\SC32\SSP_2_0_0_YASB_GitHub_Public\Bootloader\synergy\ssp\inc" -I"C:\Work\SC32\SSP_2_0_0_YASB_GitHub_Public\Bootloader\synergy\ssp\inc\bsp" -I"C:\Work\SC32\SSP_2_0_0_YASB_GitHub_Public\Bootloader\synergy\ssp\inc\bsp\cmsis\Include" -I"C:\Work\SC32\SSP_2_0_0_YASB_GitHub_Public\Bootloader\synergy\ssp\inc\driver\api" -I"C:\Work\SC32\SSP_2_0_0_YASB_GitHub_Public\Bootloader\synergy\ssp\inc\driver\instances" -I"C:\Work\SC32\SSP_2_0_0_YASB_GitHub_Public\Bootloader\src" -I"C:\Work\SC32\SSP_2_0_0_YASB_GitHub_Public\Bootloader\src\synergy_gen" -I"C:\Work\SC32\SSP_2_0_0_YASB_GitHub_Public\Bootloader\synergy\ssp\src\driver\r_sce" -std=c99 -MMD -MP -MF"synergy/ssp/src/bsp/mcu/s5d9/bsp_rom_registers.d" -MT"synergy/ssp/src/bsp/mcu/s5d9/bsp_rom_registers.o" -c -o "synergy/ssp/src/bsp/mcu/s5d9/bsp_rom_registers.o" -x c "../synergy/ssp/src/bsp/mcu/s5d9/bsp_rom_registers.c"
'Finished building: ../synergy/ssp/src/bsp/mcu/s5d9/bsp_group_irq.c'
' '
'Building file: ../synergy/ssp/src/bsp/mcu/all/bsp_common.c'
'Finished building: ../synergy/ssp/src/bsp/mcu/s5d9/bsp_hw_locks.c'
'Invoking: GNU ARM Cross C Compiler'
C:\Users\b3800274\.eclipse\com.renesas.platform_1476787444\Utilities\\/isdebuild arm-none-eabi-gcc -mcpu=cortex-m4 -mthumb -mfloat-abi=hard -mfpu=fpv4-sp-d16 -Og -fmessage-length=0 -fsigned-char -ffunction-sections -fdata-sections -Wunused -Wuninitialized -Wall -Wextra -Wmissing-declarations -Wconversion -Wpointer-arith -Wshadow -Wlogical-op -Waggregate-return -Wfloat-equal  -g3 -D_RENESAS_SYNERGY_ -I"C:\Work\SC32\SSP_2_0_0_YASB_GitHub_Public\Bootloader\synergy_cfg\ssp_cfg\bsp" -I"C:\Work\SC32\SSP_2_0_0_YASB_GitHub_Public\Bootloader\synergy_cfg\ssp_cfg\driver" -I"C:\Work\SC32\SSP_2_0_0_YASB_GitHub_Public\Bootloader\synergy\ssp\inc" -I"C:\Work\SC32\SSP_2_0_0_YASB_GitHub_Public\Bootloader\synergy\ssp\inc\bsp" -I"C:\Work\SC32\SSP_2_0_0_YASB_GitHub_Public\Bootloader\synergy\ssp\inc\bsp\cmsis\Include" -I"C:\Work\SC32\SSP_2_0_0_YASB_GitHub_Public\Bootloader\synergy\ssp\inc\driver\api" -I"C:\Work\SC32\SSP_2_0_0_YASB_GitHub_Public\Bootloader\synergy\ssp\inc\driver\instances" -I"C:\Work\SC32\SSP_2_0_0_YASB_GitHub_Public\Bootloader\src" -I"C:\Work\SC32\SSP_2_0_0_YASB_GitHub_Public\Bootloader\src\synergy_gen" -I"C:\Work\SC32\SSP_2_0_0_YASB_GitHub_Public\Bootloader\synergy\ssp\src\driver\r_sce" -std=c99 -MMD -MP -MF"synergy/ssp/src/bsp/mcu/all/bsp_common.d" -MT"synergy/ssp/src/bsp/mcu/all/bsp_common.o" -c -o "synergy/ssp/src/bsp/mcu/all/bsp_common.o" -x c "../synergy/ssp/src/bsp/mcu/all/bsp_common.c"
' '
'Finished building: ../synergy/ssp/src/bsp/mcu/s5d9/bsp_module_stop.c'
'Finished building: ../synergy/ssp/src/bsp/mcu/s5d9/bsp_rom_registers.c'
'Building file: ../synergy/ssp/src/bsp/mcu/all/bsp_common_leds.c'
' '
' '
'Invoking: GNU ARM Cross C Compiler'
'Building file: ../synergy/ssp/src/bsp/mcu/all/bsp_delay.c'
C:\Users\b3800274\.eclipse\com.renesas.platform_1476787444\Utilities\\/isdebuild arm-none-eabi-gcc -mcpu=cortex-m4 -mthumb -mfloat-abi=hard -mfpu=fpv4-sp-d16 -Og -fmessage-length=0 -fsigned-char -ffunction-sections -fdata-sections -Wunused -Wuninitialized -Wall -Wextra -Wmissing-declarations -Wconversion -Wpointer-arith -Wshadow -Wlogical-op -Waggregate-return -Wfloat-equal  -g3 -D_RENESAS_SYNERGY_ -I"C:\Work\SC32\SSP_2_0_0_YASB_GitHub_Public\Bootloader\synergy_cfg\ssp_cfg\bsp" -I"C:\Work\SC32\SSP_2_0_0_YASB_GitHub_Public\Bootloader\synergy_cfg\ssp_cfg\driver" -I"C:\Work\SC32\SSP_2_0_0_YASB_GitHub_Public\Bootloader\synergy\ssp\inc" -I"C:\Work\SC32\SSP_2_0_0_YASB_GitHub_Public\Bootloader\synergy\ssp\inc\bsp" -I"C:\Work\SC32\SSP_2_0_0_YASB_GitHub_Public\Bootloader\synergy\ssp\inc\bsp\cmsis\Include" -I"C:\Work\SC32\SSP_2_0_0_YASB_GitHub_Public\Bootloader\synergy\ssp\inc\driver\api" -I"C:\Work\SC32\SSP_2_0_0_YASB_GitHub_Public\Bootloader\synergy\ssp\inc\driver\instances" -I"C:\Work\SC32\SSP_2_0_0_YASB_GitHub_Public\Bootloader\src" -I"C:\Work\SC32\SSP_2_0_0_YASB_GitHub_Public\Bootloader\src\synergy_gen" -I"C:\Work\SC32\SSP_2_0_0_YASB_GitHub_Public\Bootloader\synergy\ssp\src\driver\r_sce" -std=c99 -MMD -MP -MF"synergy/ssp/src/bsp/mcu/all/bsp_common_leds.d" -MT"synergy/ssp/src/bsp/mcu/all/bsp_common_leds.o" -c -o "synergy/ssp/src/bsp/mcu/all/bsp_common_leds.o" -x c "../synergy/ssp/src/bsp/mcu/all/bsp_common_leds.c"
'Building file: ../synergy/ssp/src/bsp/mcu/all/bsp_irq.c'
'Invoking: GNU ARM Cross C Compiler'
C:\Users\b3800274\.eclipse\com.renesas.platform_1476787444\Utilities\\/isdebuild arm-none-eabi-gcc -mcpu=cortex-m4 -mthumb -mfloat-abi=hard -mfpu=fpv4-sp-d16 -Og -fmessage-length=0 -fsigned-char -ffunction-sections -fdata-sections -Wunused -Wuninitialized -Wall -Wextra -Wmissing-declarations -Wconversion -Wpointer-arith -Wshadow -Wlogical-op -Waggregate-return -Wfloat-equal  -g3 -D_RENESAS_SYNERGY_ -I"C:\Work\SC32\SSP_2_0_0_YASB_GitHub_Public\Bootloader\synergy_cfg\ssp_cfg\bsp" -I"C:\Work\SC32\SSP_2_0_0_YASB_GitHub_Public\Bootloader\synergy_cfg\ssp_cfg\driver" -I"C:\Work\SC32\SSP_2_0_0_YASB_GitHub_Public\Bootloader\synergy\ssp\inc" -I"C:\Work\SC32\SSP_2_0_0_YASB_GitHub_Public\Bootloader\synergy\ssp\inc\bsp" -I"C:\Work\SC32\SSP_2_0_0_YASB_GitHub_Public\Bootloader\synergy\ssp\inc\bsp\cmsis\Include" -I"C:\Work\SC32\SSP_2_0_0_YASB_GitHub_Public\Bootloader\synergy\ssp\inc\driver\api" -I"C:\Work\SC32\SSP_2_0_0_YASB_GitHub_Public\Bootloader\synergy\ssp\inc\driver\instances" -I"C:\Work\SC32\SSP_2_0_0_YASB_GitHub_Public\Bootloader\src" -I"C:\Work\SC32\SSP_2_0_0_YASB_GitHub_Public\Bootloader\src\synergy_gen" -I"C:\Work\SC32\SSP_2_0_0_YASB_GitHub_Public\Bootloader\synergy\ssp\src\driver\r_sce" -std=c99 -MMD -MP -MF"synergy/ssp/src/bsp/mcu/all/bsp_delay.d" -MT"synergy/ssp/src/bsp/mcu/all/bsp_delay.o" -c -o "synergy/ssp/src/bsp/mcu/all/bsp_delay.o" -x c "../synergy/ssp/src/bsp/mcu/all/bsp_delay.c"
'Invoking: GNU ARM Cross C Compiler'
C:\Users\b3800274\.eclipse\com.renesas.platform_1476787444\Utilities\\/isdebuild arm-none-eabi-gcc -mcpu=cortex-m4 -mthumb -mfloat-abi=hard -mfpu=fpv4-sp-d16 -Og -fmessage-length=0 -fsigned-char -ffunction-sections -fdata-sections -Wunused -Wuninitialized -Wall -Wextra -Wmissing-declarations -Wconversion -Wpointer-arith -Wshadow -Wlogical-op -Waggregate-return -Wfloat-equal  -g3 -D_RENESAS_SYNERGY_ -I"C:\Work\SC32\SSP_2_0_0_YASB_GitHub_Public\Bootloader\synergy_cfg\ssp_cfg\bsp" -I"C:\Work\SC32\SSP_2_0_0_YASB_GitHub_Public\Bootloader\synergy_cfg\ssp_cfg\driver" -I"C:\Work\SC32\SSP_2_0_0_YASB_GitHub_Public\Bootloader\synergy\ssp\inc" -I"C:\Work\SC32\SSP_2_0_0_YASB_GitHub_Public\Bootloader\synergy\ssp\inc\bsp" -I"C:\Work\SC32\SSP_2_0_0_YASB_GitHub_Public\Bootloader\synergy\ssp\inc\bsp\cmsis\Include" -I"C:\Work\SC32\SSP_2_0_0_YASB_GitHub_Public\Bootloader\synergy\ssp\inc\driver\api" -I"C:\Work\SC32\SSP_2_0_0_YASB_GitHub_Public\Bootloader\synergy\ssp\inc\driver\instances" -I"C:\Work\SC32\SSP_2_0_0_YASB_GitHub_Public\Bootloader\src" -I"C:\Work\SC32\SSP_2_0_0_YASB_GitHub_Public\Bootloader\src\synergy_gen" -I"C:\Work\SC32\SSP_2_0_0_YASB_GitHub_Public\Bootloader\synergy\ssp\src\driver\r_sce" -std=c99 -MMD -MP -MF"synergy/ssp/src/bsp/mcu/all/bsp_irq.d" -MT"synergy/ssp/src/bsp/mcu/all/bsp_irq.o" -c -o "synergy/ssp/src/bsp/mcu/all/bsp_irq.o" -x c "../synergy/ssp/src/bsp/mcu/all/bsp_irq.c"
'Finished building: ../synergy/ssp/src/bsp/mcu/all/bsp_common.c'
' '
'Building file: ../synergy/ssp/src/bsp/mcu/all/bsp_locking.c'
'Finished building: ../synergy/ssp/src/bsp/mcu/all/bsp_common_leds.c'
'Invoking: GNU ARM Cross C Compiler'
'Finished building: ../synergy/ssp/src/bsp/mcu/all/bsp_delay.c'
C:\Users\b3800274\.eclipse\com.renesas.platform_1476787444\Utilities\\/isdebuild arm-none-eabi-gcc -mcpu=cortex-m4 -mthumb -mfloat-abi=hard -mfpu=fpv4-sp-d16 -Og -fmessage-length=0 -fsigned-char -ffunction-sections -fdata-sections -Wunused -Wuninitialized -Wall -Wextra -Wmissing-declarations -Wconversion -Wpointer-arith -Wshadow -Wlogical-op -Waggregate-return -Wfloat-equal  -g3 -D_RENESAS_SYNERGY_ -I"C:\Work\SC32\SSP_2_0_0_YASB_GitHub_Public\Bootloader\synergy_cfg\ssp_cfg\bsp" -I"C:\Work\SC32\SSP_2_0_0_YASB_GitHub_Public\Bootloader\synergy_cfg\ssp_cfg\driver" -I"C:\Work\SC32\SSP_2_0_0_YASB_GitHub_Public\Bootloader\synergy\ssp\inc" -I"C:\Work\SC32\SSP_2_0_0_YASB_GitHub_Public\Bootloader\synergy\ssp\inc\bsp" -I"C:\Work\SC32\SSP_2_0_0_YASB_GitHub_Public\Bootloader\synergy\ssp\inc\bsp\cmsis\Include" -I"C:\Work\SC32\SSP_2_0_0_YASB_GitHub_Public\Bootloader\synergy\ssp\inc\driver\api" -I"C:\Work\SC32\SSP_2_0_0_YASB_GitHub_Public\Bootloader\synergy\ssp\inc\driver\instances" -I"C:\Work\SC32\SSP_2_0_0_YASB_GitHub_Public\Bootloader\src" -I"C:\Work\SC32\SSP_2_0_0_YASB_GitHub_Public\Bootloader\src\synergy_gen" -I"C:\Work\SC32\SSP_2_0_0_YASB_GitHub_Public\Bootloader\synergy\ssp\src\driver\r_sce" -std=c99 -MMD -MP -MF"synergy/ssp/src/bsp/mcu/all/bsp_locking.d" -MT"synergy/ssp/src/bsp/mcu/all/bsp_locking.o" -c -o "synergy/ssp/src/bsp/mcu/all/bsp_locking.o" -x c "../synergy/ssp/src/bsp/mcu/all/bsp_locking.c"
' '
'Finished building: ../synergy/ssp/src/bsp/mcu/all/bsp_irq.c'
' '
'Building file: ../synergy/ssp/src/bsp/mcu/all/bsp_register_protection.c'
' '
'Building file: ../synergy/ssp/src/bsp/mcu/all/bsp_sbrk.c'
'Invoking: GNU ARM Cross C Compiler'
C:\Users\b3800274\.eclipse\com.renesas.platform_1476787444\Utilities\\/isdebuild arm-none-eabi-gcc -mcpu=cortex-m4 -mthumb -mfloat-abi=hard -mfpu=fpv4-sp-d16 -Og -fmessage-length=0 -fsigned-char -ffunction-sections -fdata-sections -Wunused -Wuninitialized -Wall -Wextra -Wmissing-declarations -Wconversion -Wpointer-arith -Wshadow -Wlogical-op -Waggregate-return -Wfloat-equal  -g3 -D_RENESAS_SYNERGY_ -I"C:\Work\SC32\SSP_2_0_0_YASB_GitHub_Public\Bootloader\synergy_cfg\ssp_cfg\bsp" -I"C:\Work\SC32\SSP_2_0_0_YASB_GitHub_Public\Bootloader\synergy_cfg\ssp_cfg\driver" -I"C:\Work\SC32\SSP_2_0_0_YASB_GitHub_Public\Bootloader\synergy\ssp\inc" -I"C:\Work\SC32\SSP_2_0_0_YASB_GitHub_Public\Bootloader\synergy\ssp\inc\bsp" -I"C:\Work\SC32\SSP_2_0_0_YASB_GitHub_Public\Bootloader\synergy\ssp\inc\bsp\cmsis\Include" -I"C:\Work\SC32\SSP_2_0_0_YASB_GitHub_Public\Bootloader\synergy\ssp\inc\driver\api" -I"C:\Work\SC32\SSP_2_0_0_YASB_GitHub_Public\Bootloader\synergy\ssp\inc\driver\instances" -I"C:\Work\SC32\SSP_2_0_0_YASB_GitHub_Public\Bootloader\src" -I"C:\Work\SC32\SSP_2_0_0_YASB_GitHub_Public\Bootloader\src\synergy_gen" -I"C:\Work\SC32\SSP_2_0_0_YASB_GitHub_Public\Bootloader\synergy\ssp\src\driver\r_sce" -std=c99 -MMD -MP -MF"synergy/ssp/src/bsp/mcu/all/bsp_register_protection.d" -MT"synergy/ssp/src/bsp/mcu/all/bsp_register_protection.o" -c -o "synergy/ssp/src/bsp/mcu/all/bsp_register_protection.o" -x c "../synergy/ssp/src/bsp/mcu/all/bsp_register_protection.c"
'Invoking: GNU ARM Cross C Compiler'
'Building file: ../synergy/ssp/src/bsp/cmsis/Device/RENESAS/S5D9/Source/startup_S5D9.c'
C:\Users\b3800274\.eclipse\com.renesas.platform_1476787444\Utilities\\/isdebuild arm-none-eabi-gcc -mcpu=cortex-m4 -mthumb -mfloat-abi=hard -mfpu=fpv4-sp-d16 -Og -fmessage-length=0 -fsigned-char -ffunction-sections -fdata-sections -Wunused -Wuninitialized -Wall -Wextra -Wmissing-declarations -Wconversion -Wpointer-arith -Wshadow -Wlogical-op -Waggregate-return -Wfloat-equal  -g3 -D_RENESAS_SYNERGY_ -I"C:\Work\SC32\SSP_2_0_0_YASB_GitHub_Public\Bootloader\synergy_cfg\ssp_cfg\bsp" -I"C:\Work\SC32\SSP_2_0_0_YASB_GitHub_Public\Bootloader\synergy_cfg\ssp_cfg\driver" -I"C:\Work\SC32\SSP_2_0_0_YASB_GitHub_Public\Bootloader\synergy\ssp\inc" -I"C:\Work\SC32\SSP_2_0_0_YASB_GitHub_Public\Bootloader\synergy\ssp\inc\bsp" -I"C:\Work\SC32\SSP_2_0_0_YASB_GitHub_Public\Bootloader\synergy\ssp\inc\bsp\cmsis\Include" -I"C:\Work\SC32\SSP_2_0_0_YASB_GitHub_Public\Bootloader\synergy\ssp\inc\driver\api" -I"C:\Work\SC32\SSP_2_0_0_YASB_GitHub_Public\Bootloader\synergy\ssp\inc\driver\instances" -I"C:\Work\SC32\SSP_2_0_0_YASB_GitHub_Public\Bootloader\src" -I"C:\Work\SC32\SSP_2_0_0_YASB_GitHub_Public\Bootloader\src\synergy_gen" -I"C:\Work\SC32\SSP_2_0_0_YASB_GitHub_Public\Bootloader\synergy\ssp\src\driver\r_sce" -std=c99 -MMD -MP -MF"synergy/ssp/src/bsp/mcu/all/bsp_sbrk.d" -MT"synergy/ssp/src/bsp/mcu/all/bsp_sbrk.o" -c -o "synergy/ssp/src/bsp/mcu/all/bsp_sbrk.o" -x c "../synergy/ssp/src/bsp/mcu/all/bsp_sbrk.c"
'Invoking: GNU ARM Cross C Compiler'
C:\Users\b3800274\.eclipse\com.renesas.platform_1476787444\Utilities\\/isdebuild arm-none-eabi-gcc -mcpu=cortex-m4 -mthumb -mfloat-abi=hard -mfpu=fpv4-sp-d16 -Og -fmessage-length=0 -fsigned-char -ffunction-sections -fdata-sections -Wunused -Wuninitialized -Wall -Wextra -Wmissing-declarations -Wconversion -Wpointer-arith -Wshadow -Wlogical-op -Waggregate-return -Wfloat-equal  -g3 -D_RENESAS_SYNERGY_ -I"C:\Work\SC32\SSP_2_0_0_YASB_GitHub_Public\Bootloader\synergy_cfg\ssp_cfg\bsp" -I"C:\Work\SC32\SSP_2_0_0_YASB_GitHub_Public\Bootloader\synergy_cfg\ssp_cfg\driver" -I"C:\Work\SC32\SSP_2_0_0_YASB_GitHub_Public\Bootloader\synergy\ssp\inc" -I"C:\Work\SC32\SSP_2_0_0_YASB_GitHub_Public\Bootloader\synergy\ssp\inc\bsp" -I"C:\Work\SC32\SSP_2_0_0_YASB_GitHub_Public\Bootloader\synergy\ssp\inc\bsp\cmsis\Include" -I"C:\Work\SC32\SSP_2_0_0_YASB_GitHub_Public\Bootloader\synergy\ssp\inc\driver\api" -I"C:\Work\SC32\SSP_2_0_0_YASB_GitHub_Public\Bootloader\synergy\ssp\inc\driver\instances" -I"C:\Work\SC32\SSP_2_0_0_YASB_GitHub_Public\Bootloader\src" -I"C:\Work\SC32\SSP_2_0_0_YASB_GitHub_Public\Bootloader\src\synergy_gen" -I"C:\Work\SC32\SSP_2_0_0_YASB_GitHub_Public\Bootloader\synergy\ssp\src\driver\r_sce" -std=c99 -MMD -MP -MF"synergy/ssp/src/bsp/cmsis/Device/RENESAS/S5D9/Source/startup_S5D9.d" -MT"synergy/ssp/src/bsp/cmsis/Device/RENESAS/S5D9/Source/startup_S5D9.o" -c -o "synergy/ssp/src/bsp/cmsis/Device/RENESAS/S5D9/Source/startup_S5D9.o" -x c "../synergy/ssp/src/bsp/cmsis/Device/RENESAS/S5D9/Source/startup_S5D9.c"
'Finished building: ../synergy/ssp/src/bsp/mcu/all/bsp_locking.c'
' '
'Finished building: ../synergy/ssp/src/bsp/mcu/all/bsp_register_protection.c'
'Building file: ../synergy/ssp/src/bsp/cmsis/Device/RENESAS/S5D9/Source/system_S5D9.c'
' '
'Finished building: ../synergy/ssp/src/bsp/mcu/all/bsp_sbrk.c'
'Invoking: GNU ARM Cross C Compiler'
C:\Users\b3800274\.eclipse\com.renesas.platform_1476787444\Utilities\\/isdebuild arm-none-eabi-gcc -mcpu=cortex-m4 -mthumb -mfloat-abi=hard -mfpu=fpv4-sp-d16 -Og -fmessage-length=0 -fsigned-char -ffunction-sections -fdata-sections -Wunused -Wuninitialized -Wall -Wextra -Wmissing-declarations -Wconversion -Wpointer-arith -Wshadow -Wlogical-op -Waggregate-return -Wfloat-equal  -g3 -D_RENESAS_SYNERGY_ -I"C:\Work\SC32\SSP_2_0_0_YASB_GitHub_Public\Bootloader\synergy_cfg\ssp_cfg\bsp" -I"C:\Work\SC32\SSP_2_0_0_YASB_GitHub_Public\Bootloader\synergy_cfg\ssp_cfg\driver" -I"C:\Work\SC32\SSP_2_0_0_YASB_GitHub_Public\Bootloader\synergy\ssp\inc" -I"C:\Work\SC32\SSP_2_0_0_YASB_GitHub_Public\Bootloader\synergy\ssp\inc\bsp" -I"C:\Work\SC32\SSP_2_0_0_YASB_GitHub_Public\Bootloader\synergy\ssp\inc\bsp\cmsis\Include" -I"C:\Work\SC32\SSP_2_0_0_YASB_GitHub_Public\Bootloader\synergy\ssp\inc\driver\api" -I"C:\Work\SC32\SSP_2_0_0_YASB_GitHub_Public\Bootloader\synergy\ssp\inc\driver\instances" -I"C:\Work\SC32\SSP_2_0_0_YASB_GitHub_Public\Bootloader\src" -I"C:\Work\SC32\SSP_2_0_0_YASB_GitHub_Public\Bootloader\src\synergy_gen" -I"C:\Work\SC32\SSP_2_0_0_YASB_GitHub_Public\Bootloader\synergy\ssp\src\driver\r_sce" -std=c99 -MMD -MP -MF"synergy/ssp/src/bsp/cmsis/Device/RENESAS/S5D9/Source/system_S5D9.d" -MT"synergy/ssp/src/bsp/cmsis/Device/RENESAS/S5D9/Source/system_S5D9.o" -c -o "synergy/ssp/src/bsp/cmsis/Device/RENESAS/S5D9/Source/system_S5D9.o" -x c "../synergy/ssp/src/bsp/cmsis/Device/RENESAS/S5D9/Source/system_S5D9.c"
'Building file: ../synergy/board/s5d9_pk/bsp_init.c'
'Finished building: ../synergy/ssp/src/bsp/cmsis/Device/RENESAS/S5D9/Source/startup_S5D9.c'
' '
'Invoking: GNU ARM Cross C Compiler'
C:\Users\b3800274\.eclipse\com.renesas.platform_1476787444\Utilities\\/isdebuild arm-none-eabi-gcc -mcpu=cortex-m4 -mthumb -mfloat-abi=hard -mfpu=fpv4-sp-d16 -Og -fmessage-length=0 -fsigned-char -ffunction-sections -fdata-sections -Wunused -Wuninitialized -Wall -Wextra -Wmissing-declarations -Wconversion -Wpointer-arith -Wshadow -Wlogical-op -Waggregate-return -Wfloat-equal  -g3 -D_RENESAS_SYNERGY_ -I"C:\Work\SC32\SSP_2_0_0_YASB_GitHub_Public\Bootloader\synergy_cfg\ssp_cfg\bsp" -I"C:\Work\SC32\SSP_2_0_0_YASB_GitHub_Public\Bootloader\synergy_cfg\ssp_cfg\driver" -I"C:\Work\SC32\SSP_2_0_0_YASB_GitHub_Public\Bootloader\synergy\ssp\inc" -I"C:\Work\SC32\SSP_2_0_0_YASB_GitHub_Public\Bootloader\synergy\ssp\inc\bsp" -I"C:\Work\SC32\SSP_2_0_0_YASB_GitHub_Public\Bootloader\synergy\ssp\inc\bsp\cmsis\Include" -I"C:\Work\SC32\SSP_2_0_0_YASB_GitHub_Public\Bootloader\synergy\ssp\inc\driver\api" -I"C:\Work\SC32\SSP_2_0_0_YASB_GitHub_Public\Bootloader\synergy\ssp\inc\driver\instances" -I"C:\Work\SC32\SSP_2_0_0_YASB_GitHub_Public\Bootloader\src" -I"C:\Work\SC32\SSP_2_0_0_YASB_GitHub_Public\Bootloader\src\synergy_gen" -I"C:\Work\SC32\SSP_2_0_0_YASB_GitHub_Public\Bootloader\synergy\ssp\src\driver\r_sce" -std=c99 -MMD -MP -MF"synergy/board/s5d9_pk/bsp_init.d" -MT"synergy/board/s5d9_pk/bsp_init.o" -c -o "synergy/board/s5d9_pk/bsp_init.o" -x c "../synergy/board/s5d9_pk/bsp_init.c"
' '
'Building file: ../synergy/board/s5d9_pk/bsp_leds.c'
'Building file: ../synergy/board/s5d9_pk/bsp_qspi.c'
'Invoking: GNU ARM Cross C Compiler'
C:\Users\b3800274\.eclipse\com.renesas.platform_1476787444\Utilities\\/isdebuild arm-none-eabi-gcc -mcpu=cortex-m4 -mthumb -mfloat-abi=hard -mfpu=fpv4-sp-d16 -Og -fmessage-length=0 -fsigned-char -ffunction-sections -fdata-sections -Wunused -Wuninitialized -Wall -Wextra -Wmissing-declarations -Wconversion -Wpointer-arith -Wshadow -Wlogical-op -Waggregate-return -Wfloat-equal  -g3 -D_RENESAS_SYNERGY_ -I"C:\Work\SC32\SSP_2_0_0_YASB_GitHub_Public\Bootloader\synergy_cfg\ssp_cfg\bsp" -I"C:\Work\SC32\SSP_2_0_0_YASB_GitHub_Public\Bootloader\synergy_cfg\ssp_cfg\driver" -I"C:\Work\SC32\SSP_2_0_0_YASB_GitHub_Public\Bootloader\synergy\ssp\inc" -I"C:\Work\SC32\SSP_2_0_0_YASB_GitHub_Public\Bootloader\synergy\ssp\inc\bsp" -I"C:\Work\SC32\SSP_2_0_0_YASB_GitHub_Public\Bootloader\synergy\ssp\inc\bsp\cmsis\Include" -I"C:\Work\SC32\SSP_2_0_0_YASB_GitHub_Public\Bootloader\synergy\ssp\inc\driver\api" -I"C:\Work\SC32\SSP_2_0_0_YASB_GitHub_Public\Bootloader\synergy\ssp\inc\driver\instances" -I"C:\Work\SC32\SSP_2_0_0_YASB_GitHub_Public\Bootloader\src" -I"C:\Work\SC32\SSP_2_0_0_YASB_GitHub_Public\Bootloader\src\synergy_gen" -I"C:\Work\SC32\SSP_2_0_0_YASB_GitHub_Public\Bootloader\synergy\ssp\src\driver\r_sce" -std=c99 -MMD -MP -MF"synergy/board/s5d9_pk/bsp_leds.d" -MT"synergy/board/s5d9_pk/bsp_leds.o" -c -o "synergy/board/s5d9_pk/bsp_leds.o" -x c "../synergy/board/s5d9_pk/bsp_leds.c"
'Invoking: GNU ARM Cross C Compiler'
C:\Users\b3800274\.eclipse\com.renesas.platform_1476787444\Utilities\\/isdebuild arm-none-eabi-gcc -mcpu=cortex-m4 -mthumb -mfloat-abi=hard -mfpu=fpv4-sp-d16 -Og -fmessage-length=0 -fsigned-char -ffunction-sections -fdata-sections -Wunused -Wuninitialized -Wall -Wextra -Wmissing-declarations -Wconversion -Wpointer-arith -Wshadow -Wlogical-op -Waggregate-return -Wfloat-equal  -g3 -D_RENESAS_SYNERGY_ -I"C:\Work\SC32\SSP_2_0_0_YASB_GitHub_Public\Bootloader\synergy_cfg\ssp_cfg\bsp" -I"C:\Work\SC32\SSP_2_0_0_YASB_GitHub_Public\Bootloader\synergy_cfg\ssp_cfg\driver" -I"C:\Work\SC32\SSP_2_0_0_YASB_GitHub_Public\Bootloader\synergy\ssp\inc" -I"C:\Work\SC32\SSP_2_0_0_YASB_GitHub_Public\Bootloader\synergy\ssp\inc\bsp" -I"C:\Work\SC32\SSP_2_0_0_YASB_GitHub_Public\Bootloader\synergy\ssp\inc\bsp\cmsis\Include" -I"C:\Work\SC32\SSP_2_0_0_YASB_GitHub_Public\Bootloader\synergy\ssp\inc\driver\api" -I"C:\Work\SC32\SSP_2_0_0_YASB_GitHub_Public\Bootloader\synergy\ssp\inc\driver\instances" -I"C:\Work\SC32\SSP_2_0_0_YASB_GitHub_Public\Bootloader\src" -I"C:\Work\SC32\SSP_2_0_0_YASB_GitHub_Public\Bootloader\src\synergy_gen" -I"C:\Work\SC32\SSP_2_0_0_YASB_GitHub_Public\Bootloader\synergy\ssp\src\driver\r_sce" -std=c99 -MMD -MP -MF"synergy/board/s5d9_pk/bsp_qspi.d" -MT"synergy/board/s5d9_pk/bsp_qspi.o" -c -o "synergy/board/s5d9_pk/bsp_qspi.o" -x c "../synergy/board/s5d9_pk/bsp_qspi.c"
'Finished building: ../synergy/ssp/src/bsp/cmsis/Device/RENESAS/S5D9/Source/system_S5D9.c'
'Finished building: ../synergy/board/s5d9_pk/bsp_init.c'
' '
' '
'Building file: ../src/synergy_gen/common_data.c'
'Building file: ../src/synergy_gen/hal_data.c'
'Invoking: GNU ARM Cross C Compiler'
'Finished building: ../synergy/board/s5d9_pk/bsp_leds.c'
C:\Users\b3800274\.eclipse\com.renesas.platform_1476787444\Utilities\\/isdebuild arm-none-eabi-gcc -mcpu=cortex-m4 -mthumb -mfloat-abi=hard -mfpu=fpv4-sp-d16 -Og -fmessage-length=0 -fsigned-char -ffunction-sections -fdata-sections -Wunused -Wuninitialized -Wall -Wextra -Wmissing-declarations -Wconversion -Wpointer-arith -Wshadow -Wlogical-op -Waggregate-return -Wfloat-equal  -g3 -D_RENESAS_SYNERGY_ -I"C:\Work\SC32\SSP_2_0_0_YASB_GitHub_Public\Bootloader\synergy_cfg\ssp_cfg\bsp" -I"C:\Work\SC32\SSP_2_0_0_YASB_GitHub_Public\Bootloader\synergy_cfg\ssp_cfg\driver" -I"C:\Work\SC32\SSP_2_0_0_YASB_GitHub_Public\Bootloader\synergy\ssp\inc" -I"C:\Work\SC32\SSP_2_0_0_YASB_GitHub_Public\Bootloader\synergy\ssp\inc\bsp" -I"C:\Work\SC32\SSP_2_0_0_YASB_GitHub_Public\Bootloader\synergy\ssp\inc\bsp\cmsis\Include" -I"C:\Work\SC32\SSP_2_0_0_YASB_GitHub_Public\Bootloader\synergy\ssp\inc\driver\api" -I"C:\Work\SC32\SSP_2_0_0_YASB_GitHub_Public\Bootloader\synergy\ssp\inc\driver\instances" -I"C:\Work\SC32\SSP_2_0_0_YASB_GitHub_Public\Bootloader\src" -I"C:\Work\SC32\SSP_2_0_0_YASB_GitHub_Public\Bootloader\src\synergy_gen" -I"C:\Work\SC32\SSP_2_0_0_YASB_GitHub_Public\Bootloader\synergy\ssp\src\driver\r_sce" -std=c99 -MMD -MP -MF"src/synergy_gen/common_data.d" -MT"src/synergy_gen/common_data.o" -c -o "src/synergy_gen/common_data.o" -x c "../src/synergy_gen/common_data.c"
'Invoking: GNU ARM Cross C Compiler'
C:\Users\b3800274\.eclipse\com.renesas.platform_1476787444\Utilities\\/isdebuild arm-none-eabi-gcc -mcpu=cortex-m4 -mthumb -mfloat-abi=hard -mfpu=fpv4-sp-d16 -Og -fmessage-length=0 -fsigned-char -ffunction-sections -fdata-sections -Wunused -Wuninitialized -Wall -Wextra -Wmissing-declarations -Wconversion -Wpointer-arith -Wshadow -Wlogical-op -Waggregate-return -Wfloat-equal  -g3 -D_RENESAS_SYNERGY_ -I"C:\Work\SC32\SSP_2_0_0_YASB_GitHub_Public\Bootloader\synergy_cfg\ssp_cfg\bsp" -I"C:\Work\SC32\SSP_2_0_0_YASB_GitHub_Public\Bootloader\synergy_cfg\ssp_cfg\driver" -I"C:\Work\SC32\SSP_2_0_0_YASB_GitHub_Public\Bootloader\synergy\ssp\inc" -I"C:\Work\SC32\SSP_2_0_0_YASB_GitHub_Public\Bootloader\synergy\ssp\inc\bsp" -I"C:\Work\SC32\SSP_2_0_0_YASB_GitHub_Public\Bootloader\synergy\ssp\inc\bsp\cmsis\Include" -I"C:\Work\SC32\SSP_2_0_0_YASB_GitHub_Public\Bootloader\synergy\ssp\inc\driver\api" -I"C:\Work\SC32\SSP_2_0_0_YASB_GitHub_Public\Bootloader\synergy\ssp\inc\driver\instances" -I"C:\Work\SC32\SSP_2_0_0_YASB_GitHub_Public\Bootloader\src" -I"C:\Work\SC32\SSP_2_0_0_YASB_GitHub_Public\Bootloader\src\synergy_gen" -I"C:\Work\SC32\SSP_2_0_0_YASB_GitHub_Public\Bootloader\synergy\ssp\src\driver\r_sce" -std=c99 -MMD -MP -MF"src/synergy_gen/hal_data.d" -MT"src/synergy_gen/hal_data.o" -c -o "src/synergy_gen/hal_data.o" -x c "../src/synergy_gen/hal_data.c"
' '
'Finished building: ../synergy/board/s5d9_pk/bsp_qspi.c'
'Building file: ../src/synergy_gen/main.c'
' '
'Invoking: GNU ARM Cross C Compiler'
C:\Users\b3800274\.eclipse\com.renesas.platform_1476787444\Utilities\\/isdebuild arm-none-eabi-gcc -mcpu=cortex-m4 -mthumb -mfloat-abi=hard -mfpu=fpv4-sp-d16 -Og -fmessage-length=0 -fsigned-char -ffunction-sections -fdata-sections -Wunused -Wuninitialized -Wall -Wextra -Wmissing-declarations -Wconversion -Wpointer-arith -Wshadow -Wlogical-op -Waggregate-return -Wfloat-equal  -g3 -D_RENESAS_SYNERGY_ -I"C:\Work\SC32\SSP_2_0_0_YASB_GitHub_Public\Bootloader\synergy_cfg\ssp_cfg\bsp" -I"C:\Work\SC32\SSP_2_0_0_YASB_GitHub_Public\Bootloader\synergy_cfg\ssp_cfg\driver" -I"C:\Work\SC32\SSP_2_0_0_YASB_GitHub_Public\Bootloader\synergy\ssp\inc" -I"C:\Work\SC32\SSP_2_0_0_YASB_GitHub_Public\Bootloader\synergy\ssp\inc\bsp" -I"C:\Work\SC32\SSP_2_0_0_YASB_GitHub_Public\Bootloader\synergy\ssp\inc\bsp\cmsis\Include" -I"C:\Work\SC32\SSP_2_0_0_YASB_GitHub_Public\Bootloader\synergy\ssp\inc\driver\api" -I"C:\Work\SC32\SSP_2_0_0_YASB_GitHub_Public\Bootloader\synergy\ssp\inc\driver\instances" -I"C:\Work\SC32\SSP_2_0_0_YASB_GitHub_Public\Bootloader\src" -I"C:\Work\SC32\SSP_2_0_0_YASB_GitHub_Public\Bootloader\src\synergy_gen" -I"C:\Work\SC32\SSP_2_0_0_YASB_GitHub_Public\Bootloader\synergy\ssp\src\driver\r_sce" -std=c99 -MMD -MP -MF"src/synergy_gen/main.d" -MT"src/synergy_gen/main.o" -c -o "src/synergy_gen/main.o" -x c "../src/synergy_gen/main.c"
'Building file: ../src/synergy_gen/pin_data.c'
'Invoking: GNU ARM Cross C Compiler'
C:\Users\b3800274\.eclipse\com.renesas.platform_1476787444\Utilities\\/isdebuild arm-none-eabi-gcc -mcpu=cortex-m4 -mthumb -mfloat-abi=hard -mfpu=fpv4-sp-d16 -Og -fmessage-length=0 -fsigned-char -ffunction-sections -fdata-sections -Wunused -Wuninitialized -Wall -Wextra -Wmissing-declarations -Wconversion -Wpointer-arith -Wshadow -Wlogical-op -Waggregate-return -Wfloat-equal  -g3 -D_RENESAS_SYNERGY_ -I"C:\Work\SC32\SSP_2_0_0_YASB_GitHub_Public\Bootloader\synergy_cfg\ssp_cfg\bsp" -I"C:\Work\SC32\SSP_2_0_0_YASB_GitHub_Public\Bootloader\synergy_cfg\ssp_cfg\driver" -I"C:\Work\SC32\SSP_2_0_0_YASB_GitHub_Public\Bootloader\synergy\ssp\inc" -I"C:\Work\SC32\SSP_2_0_0_YASB_GitHub_Public\Bootloader\synergy\ssp\inc\bsp" -I"C:\Work\SC32\SSP_2_0_0_YASB_GitHub_Public\Bootloader\synergy\ssp\inc\bsp\cmsis\Include" -I"C:\Work\SC32\SSP_2_0_0_YASB_GitHub_Public\Bootloader\synergy\ssp\inc\driver\api" -I"C:\Work\SC32\SSP_2_0_0_YASB_GitHub_Public\Bootloader\synergy\ssp\inc\driver\instances" -I"C:\Work\SC32\SSP_2_0_0_YASB_GitHub_Public\Bootloader\src" -I"C:\Work\SC32\SSP_2_0_0_YASB_GitHub_Public\Bootloader\src\synergy_gen" -I"C:\Work\SC32\SSP_2_0_0_YASB_GitHub_Public\Bootloader\synergy\ssp\src\driver\r_sce" -std=c99 -MMD -MP -MF"src/synergy_gen/pin_data.d" -MT"src/synergy_gen/pin_data.o" -c -o "src/synergy_gen/pin_data.o" -x c "../src/synergy_gen/pin_data.c"
'Finished building: ../src/synergy_gen/main.c'
' '
'Finished building: ../src/synergy_gen/hal_data.c'
'Finished building: ../src/synergy_gen/common_data.c'
'Building file: ../src/bootloader.c'
' '
' '
'Invoking: GNU ARM Cross C Compiler'
C:\Users\b3800274\.eclipse\com.renesas.platform_1476787444\Utilities\\/isdebuild arm-none-eabi-gcc -mcpu=cortex-m4 -mthumb -mfloat-abi=hard -mfpu=fpv4-sp-d16 -Og -fmessage-length=0 -fsigned-char -ffunction-sections -fdata-sections -Wunused -Wuninitialized -Wall -Wextra -Wmissing-declarations -Wconversion -Wpointer-arith -Wshadow -Wlogical-op -Waggregate-return -Wfloat-equal  -g3 -D_RENESAS_SYNERGY_ -I"C:\Work\SC32\SSP_2_0_0_YASB_GitHub_Public\Bootloader\synergy_cfg\ssp_cfg\bsp" -I"C:\Work\SC32\SSP_2_0_0_YASB_GitHub_Public\Bootloader\synergy_cfg\ssp_cfg\driver" -I"C:\Work\SC32\SSP_2_0_0_YASB_GitHub_Public\Bootloader\synergy\ssp\inc" -I"C:\Work\SC32\SSP_2_0_0_YASB_GitHub_Public\Bootloader\synergy\ssp\inc\bsp" -I"C:\Work\SC32\SSP_2_0_0_YASB_GitHub_Public\Bootloader\synergy\ssp\inc\bsp\cmsis\Include" -I"C:\Work\SC32\SSP_2_0_0_YASB_GitHub_Public\Bootloader\synergy\ssp\inc\driver\api" -I"C:\Work\SC32\SSP_2_0_0_YASB_GitHub_Public\Bootloader\synergy\ssp\inc\driver\instances" -I"C:\Work\SC32\SSP_2_0_0_YASB_GitHub_Public\Bootloader\src" -I"C:\Work\SC32\SSP_2_0_0_YASB_GitHub_Public\Bootloader\src\synergy_gen" -I"C:\Work\SC32\SSP_2_0_0_YASB_GitHub_Public\Bootloader\synergy\ssp\src\driver\r_sce" -std=c99 -MMD -MP -MF"src/bootloader.d" -MT"src/bootloader.o" -c -o "src/bootloader.o" -x c "../src/bootloader.c"
'Building file: ../src/hal_entry.c'
'Building file: ../src/image_verify.c'
'Invoking: GNU ARM Cross C Compiler'
C:\Users\b3800274\.eclipse\com.renesas.platform_1476787444\Utilities\\/isdebuild arm-none-eabi-gcc -mcpu=cortex-m4 -mthumb -mfloat-abi=hard -mfpu=fpv4-sp-d16 -Og -fmessage-length=0 -fsigned-char -ffunction-sections -fdata-sections -Wunused -Wuninitialized -Wall -Wextra -Wmissing-declarations -Wconversion -Wpointer-arith -Wshadow -Wlogical-op -Waggregate-return -Wfloat-equal  -g3 -D_RENESAS_SYNERGY_ -I"C:\Work\SC32\SSP_2_0_0_YASB_GitHub_Public\Bootloader\synergy_cfg\ssp_cfg\bsp" -I"C:\Work\SC32\SSP_2_0_0_YASB_GitHub_Public\Bootloader\synergy_cfg\ssp_cfg\driver" -I"C:\Work\SC32\SSP_2_0_0_YASB_GitHub_Public\Bootloader\synergy\ssp\inc" -I"C:\Work\SC32\SSP_2_0_0_YASB_GitHub_Public\Bootloader\synergy\ssp\inc\bsp" -I"C:\Work\SC32\SSP_2_0_0_YASB_GitHub_Public\Bootloader\synergy\ssp\inc\bsp\cmsis\Include" -I"C:\Work\SC32\SSP_2_0_0_YASB_GitHub_Public\Bootloader\synergy\ssp\inc\driver\api" -I"C:\Work\SC32\SSP_2_0_0_YASB_GitHub_Public\Bootloader\synergy\ssp\inc\driver\instances" -I"C:\Work\SC32\SSP_2_0_0_YASB_GitHub_Public\Bootloader\src" -I"C:\Work\SC32\SSP_2_0_0_YASB_GitHub_Public\Bootloader\src\synergy_gen" -I"C:\Work\SC32\SSP_2_0_0_YASB_GitHub_Public\Bootloader\synergy\ssp\src\driver\r_sce" -std=c99 -MMD -MP -MF"src/hal_entry.d" -MT"src/hal_entry.o" -c -o "src/hal_entry.o" -x c "../src/hal_entry.c"
'Invoking: GNU ARM Cross C Compiler'
C:\Users\b3800274\.eclipse\com.renesas.platform_1476787444\Utilities\\/isdebuild arm-none-eabi-gcc -mcpu=cortex-m4 -mthumb -mfloat-abi=hard -mfpu=fpv4-sp-d16 -Og -fmessage-length=0 -fsigned-char -ffunction-sections -fdata-sections -Wunused -Wuninitialized -Wall -Wextra -Wmissing-declarations -Wconversion -Wpointer-arith -Wshadow -Wlogical-op -Waggregate-return -Wfloat-equal  -g3 -D_RENESAS_SYNERGY_ -I"C:\Work\SC32\SSP_2_0_0_YASB_GitHub_Public\Bootloader\synergy_cfg\ssp_cfg\bsp" -I"C:\Work\SC32\SSP_2_0_0_YASB_GitHub_Public\Bootloader\synergy_cfg\ssp_cfg\driver" -I"C:\Work\SC32\SSP_2_0_0_YASB_GitHub_Public\Bootloader\synergy\ssp\inc" -I"C:\Work\SC32\SSP_2_0_0_YASB_GitHub_Public\Bootloader\synergy\ssp\inc\bsp" -I"C:\Work\SC32\SSP_2_0_0_YASB_GitHub_Public\Bootloader\synergy\ssp\inc\bsp\cmsis\Include" -I"C:\Work\SC32\SSP_2_0_0_YASB_GitHub_Public\Bootloader\synergy\ssp\inc\driver\api" -I"C:\Work\SC32\SSP_2_0_0_YASB_GitHub_Public\Bootloader\synergy\ssp\inc\driver\instances" -I"C:\Work\SC32\SSP_2_0_0_YASB_GitHub_Public\Bootloader\src" -I"C:\Work\SC32\SSP_2_0_0_YASB_GitHub_Public\Bootloader\src\synergy_gen" -I"C:\Work\SC32\SSP_2_0_0_YASB_GitHub_Public\Bootloader\synergy\ssp\src\driver\r_sce" -std=c99 -MMD -MP -MF"src/image_verify.d" -MT"src/image_verify.o" -c -o "src/image_verify.o" -x c "../src/image_verify.c"
'Finished building: ../src/synergy_gen/pin_data.c'
' '
'Building file: ../src/keys.c'
'Invoking: GNU ARM Cross C Compiler'
C:\Users\b3800274\.eclipse\com.renesas.platform_1476787444\Utilities\\/isdebuild arm-none-eabi-gcc -mcpu=cortex-m4 -mthumb -mfloat-abi=hard -mfpu=fpv4-sp-d16 -Og -fmessage-length=0 -fsigned-char -ffunction-sections -fdata-sections -Wunused -Wuninitialized -Wall -Wextra -Wmissing-declarations -Wconversion -Wpointer-arith -Wshadow -Wlogical-op -Waggregate-return -Wfloat-equal  -g3 -D_RENESAS_SYNERGY_ -I"C:\Work\SC32\SSP_2_0_0_YASB_GitHub_Public\Bootloader\synergy_cfg\ssp_cfg\bsp" -I"C:\Work\SC32\SSP_2_0_0_YASB_GitHub_Public\Bootloader\synergy_cfg\ssp_cfg\driver" -I"C:\Work\SC32\SSP_2_0_0_YASB_GitHub_Public\Bootloader\synergy\ssp\inc" -I"C:\Work\SC32\SSP_2_0_0_YASB_GitHub_Public\Bootloader\synergy\ssp\inc\bsp" -I"C:\Work\SC32\SSP_2_0_0_YASB_GitHub_Public\Bootloader\synergy\ssp\inc\bsp\cmsis\Include" -I"C:\Work\SC32\SSP_2_0_0_YASB_GitHub_Public\Bootloader\synergy\ssp\inc\driver\api" -I"C:\Work\SC32\SSP_2_0_0_YASB_GitHub_Public\Bootloader\synergy\ssp\inc\driver\instances" -I"C:\Work\SC32\SSP_2_0_0_YASB_GitHub_Public\Bootloader\src" -I"C:\Work\SC32\SSP_2_0_0_YASB_GitHub_Public\Bootloader\src\synergy_gen" -I"C:\Work\SC32\SSP_2_0_0_YASB_GitHub_Public\Bootloader\synergy\ssp\src\driver\r_sce" -std=c99 -MMD -MP -MF"src/keys.d" -MT"src/keys.o" -c -o "src/keys.o" -x c "../src/keys.c"
'Finished building: ../src/bootloader.c'
' '
'Finished building: ../src/image_verify.c'
'Finished building: ../src/hal_entry.c'
'Building file: ../src/port.c'
' '
' '
'Invoking: GNU ARM Cross C Compiler'
C:\Users\b3800274\.eclipse\com.renesas.platform_1476787444\Utilities\\/isdebuild arm-none-eabi-gcc -mcpu=cortex-m4 -mthumb -mfloat-abi=hard -mfpu=fpv4-sp-d16 -Og -fmessage-length=0 -fsigned-char -ffunction-sections -fdata-sections -Wunused -Wuninitialized -Wall -Wextra -Wmissing-declarations -Wconversion -Wpointer-arith -Wshadow -Wlogical-op -Waggregate-return -Wfloat-equal  -g3 -D_RENESAS_SYNERGY_ -I"C:\Work\SC32\SSP_2_0_0_YASB_GitHub_Public\Bootloader\synergy_cfg\ssp_cfg\bsp" -I"C:\Work\SC32\SSP_2_0_0_YASB_GitHub_Public\Bootloader\synergy_cfg\ssp_cfg\driver" -I"C:\Work\SC32\SSP_2_0_0_YASB_GitHub_Public\Bootloader\synergy\ssp\inc" -I"C:\Work\SC32\SSP_2_0_0_YASB_GitHub_Public\Bootloader\synergy\ssp\inc\bsp" -I"C:\Work\SC32\SSP_2_0_0_YASB_GitHub_Public\Bootloader\synergy\ssp\inc\bsp\cmsis\Include" -I"C:\Work\SC32\SSP_2_0_0_YASB_GitHub_Public\Bootloader\synergy\ssp\inc\driver\api" -I"C:\Work\SC32\SSP_2_0_0_YASB_GitHub_Public\Bootloader\synergy\ssp\inc\driver\instances" -I"C:\Work\SC32\SSP_2_0_0_YASB_GitHub_Public\Bootloader\src" -I"C:\Work\SC32\SSP_2_0_0_YASB_GitHub_Public\Bootloader\src\synergy_gen" -I"C:\Work\SC32\SSP_2_0_0_YASB_GitHub_Public\Bootloader\synergy\ssp\src\driver\r_sce" -std=c99 -MMD -MP -MF"src/port.d" -MT"src/port.o" -c -o "src/port.o" -x c "../src/port.c"
'Building file: ../src/sha256.c'
'Finished building: ../src/keys.c'
'Invoking: GNU ARM Cross C Compiler'
' '
C:\Users\b3800274\.eclipse\com.renesas.platform_1476787444\Utilities\\/isdebuild arm-none-eabi-gcc -mcpu=cortex-m4 -mthumb -mfloat-abi=hard -mfpu=fpv4-sp-d16 -Og -fmessage-length=0 -fsigned-char -ffunction-sections -fdata-sections -Wunused -Wuninitialized -Wall -Wextra -Wmissing-declarations -Wconversion -Wpointer-arith -Wshadow -Wlogical-op -Waggregate-return -Wfloat-equal  -g3 -D_RENESAS_SYNERGY_ -I"C:\Work\SC32\SSP_2_0_0_YASB_GitHub_Public\Bootloader\synergy_cfg\ssp_cfg\bsp" -I"C:\Work\SC32\SSP_2_0_0_YASB_GitHub_Public\Bootloader\synergy_cfg\ssp_cfg\driver" -I"C:\Work\SC32\SSP_2_0_0_YASB_GitHub_Public\Bootloader\synergy\ssp\inc" -I"C:\Work\SC32\SSP_2_0_0_YASB_GitHub_Public\Bootloader\synergy\ssp\inc\bsp" -I"C:\Work\SC32\SSP_2_0_0_YASB_GitHub_Public\Bootloader\synergy\ssp\inc\bsp\cmsis\Include" -I"C:\Work\SC32\SSP_2_0_0_YASB_GitHub_Public\Bootloader\synergy\ssp\inc\driver\api" -I"C:\Work\SC32\SSP_2_0_0_YASB_GitHub_Public\Bootloader\synergy\ssp\inc\driver\instances" -I"C:\Work\SC32\SSP_2_0_0_YASB_GitHub_Public\Bootloader\src" -I"C:\Work\SC32\SSP_2_0_0_YASB_GitHub_Public\Bootloader\src\synergy_gen" -I"C:\Work\SC32\SSP_2_0_0_YASB_GitHub_Public\Bootloader\synergy\ssp\src\driver\r_sce" -std=c99 -MMD -MP -MF"src/sha256.d" -MT"src/sha256.o" -c -o "src/sha256.o" -x c "../src/sha256.c"
../src/sha256.c:44:6: warning: no previous declaration for 'sha256_transform' [-Wmissing-declarations]
   44 | void sha256_transform(SHA256_CTX *ctx, const BYTE data[])
      |      ^~~~~~~~~~~~~~~~
../src/sha256.c: In function 'sha256_transform':
../src/sha256.c:49:10: warning: conversion to 'WORD' {aka 'unsigned int'} from 'int' may change the sign of the result [-Wsign-conversion]
   49 |   m[i] = (data[j] << 24) | (data[j + 1] << 16) | (data[j + 2] << 8) | (data[j + 3]);
      |          ^
../src/sha256.c: In function 'sha256_final':
../src/sha256.c:136:18: warning: conversion from 'long long unsigned int' to 'BYTE' {aka 'unsigned char'} may change value [-Wconversion]
  136 |  ctx->data[63] = ctx->bitlen;
      |                  ^~~
../src/sha256.c:137:18: warning: conversion from 'long long unsigned int' to 'BYTE' {aka 'unsigned char'} may change value [-Wconversion]
  137 |  ctx->data[62] = ctx->bitlen >> 8;
      |                  ^~~
../src/sha256.c:138:18: warning: conversion from 'long long unsigned int' to 'BYTE' {aka 'unsigned char'} may change value [-Wconversion]
  138 |  ctx->data[61] = ctx->bitlen >> 16;
      |                  ^~~
../src/sha256.c:139:18: warning: conversion from 'long long unsigned int' to 'BYTE' {aka 'unsigned char'} may change value [-Wconversion]
  139 |  ctx->data[60] = ctx->bitlen >> 24;
      |                  ^~~
../src/sha256.c:140:18: warning: conversion from 'long long unsigned int' to 'BYTE' {aka 'unsigned char'} may change value [-Wconversion]
  140 |  ctx->data[59] = ctx->bitlen >> 32;
      |                  ^~~
../src/sha256.c:141:18: warning: conversion from 'long long unsigned int' to 'BYTE' {aka 'unsigned char'} may change value [-Wconversion]
  141 |  ctx->data[58] = ctx->bitlen >> 40;
      |                  ^~~
../src/sha256.c:142:18: warning: conversion from 'long long unsigned int' to 'BYTE' {aka 'unsigned char'} may change value [-Wconversion]
  142 |  ctx->data[57] = ctx->bitlen >> 48;
      |                  ^~~
../src/sha256.c:143:18: warning: conversion from 'long long unsigned int' to 'BYTE' {aka 'unsigned char'} may change value [-Wconversion]
  143 |  ctx->data[56] = ctx->bitlen >> 56;
      |                  ^~~
'Finished building: ../src/sha256.c'
' '
'Finished building: ../src/port.c'
' '
'Building target: Bootloader.elf'
'Invoking: GNU ARM Cross C Linker'
arm-none-eabi-gcc @"Bootloader.elf.in"
'Finished building target: Bootloader.elf'
' '
'Invoking: GNU ARM Cross Create Flash Image'
arm-none-eabi-objcopy -O srec "Bootloader.elf"  "Bootloader.srec"
'Invoking: GNU ARM Cross Print Size'
arm-none-eabi-size --format=berkeley "Bootloader.elf"
   text	   data	    bss	    dec	    hex	filename
  60980	      0	  19172	  80152	  13918	Bootloader.elf
'Finished building: Bootloader.siz'
'Finished building: Bootloader.srec'
' '
' '

11:43:58 Build Finished. 0 errors, 10 warnings. (took 21s.140ms)

