Extracting support files...
11:46:08 **** Build of configuration Debug for project PK_S5D9_BL_Blinky ****
make -j4 all 
'Building file: ../synergy/ssp/src/driver/r_ioport/r_ioport.c'
'Building file: ../synergy/ssp/src/driver/r_elc/r_elc.c'
'Building file: ../synergy/ssp/src/driver/r_cgc/r_cgc.c'
'Building file: ../synergy/ssp/src/bsp/mcu/s5d9/bsp_cache.c'
'Invoking: GNU ARM Cross C Compiler'
'Invoking: GNU ARM Cross C Compiler'
C:\Users\b3800274\.eclipse\com.renesas.platform_1476787444\Utilities\\/isdebuild arm-none-eabi-gcc -mcpu=cortex-m4 -mthumb -mfloat-abi=hard -mfpu=fpv4-sp-d16 -O2 -fmessage-length=0 -fsigned-char -ffunction-sections -fdata-sections -Wunused -Wuninitialized -Wall -Wextra -Wmissing-declarations -Wconversion -Wpointer-arith -Wshadow -Wlogical-op -Waggregate-return -Wfloat-equal  -g3 -D_RENESAS_SYNERGY_ -I"C:\Work\SC32\SSP_2_0_0_YASB_GitHub_Public\PK_S5D9_BL_Blinky\src" -I"C:\Work\SC32\SSP_2_0_0_YASB_GitHub_Public\PK_S5D9_BL_Blinky\src\synergy_gen" -I"C:\Work\SC32\SSP_2_0_0_YASB_GitHub_Public\PK_S5D9_BL_Blinky\synergy_cfg\ssp_cfg\bsp" -I"C:\Work\SC32\SSP_2_0_0_YASB_GitHub_Public\PK_S5D9_BL_Blinky\synergy_cfg\ssp_cfg\driver" -I"C:\Work\SC32\SSP_2_0_0_YASB_GitHub_Public\PK_S5D9_BL_Blinky\synergy\ssp\inc" -I"C:\Work\SC32\SSP_2_0_0_YASB_GitHub_Public\PK_S5D9_BL_Blinky\synergy\ssp\inc\bsp" -I"C:\Work\SC32\SSP_2_0_0_YASB_GitHub_Public\PK_S5D9_BL_Blinky\synergy\ssp\inc\bsp\cmsis\Include" -I"C:\Work\SC32\SSP_2_0_0_YASB_GitHub_Public\PK_S5D9_BL_Blinky\synergy\ssp\inc\driver\api" -I"C:\Work\SC32\SSP_2_0_0_YASB_GitHub_Public\PK_S5D9_BL_Blinky\synergy\ssp\inc\driver\instances" -I"C:\Work\SC32\SSP_2_0_0_YASB_GitHub_Public\PK_S5D9_BL_Blinky\synergy_cfg\ssp_cfg\framework\el" -I"C:\Work\SC32\SSP_2_0_0_YASB_GitHub_Public\PK_S5D9_BL_Blinky\synergy\ssp\inc\framework\el" -I"C:\Work\SC32\SSP_2_0_0_YASB_GitHub_Public\PK_S5D9_BL_Blinky\synergy\ssp\src\framework\el\tx" -std=c99 -MMD -MP -MF"synergy/ssp/src/driver/r_ioport/r_ioport.d" -MT"synergy/ssp/src/driver/r_ioport/r_ioport.o" -c -o "synergy/ssp/src/driver/r_ioport/r_ioport.o" -x c "../synergy/ssp/src/driver/r_ioport/r_ioport.c"
C:\Users\b3800274\.eclipse\com.renesas.platform_1476787444\Utilities\\/isdebuild arm-none-eabi-gcc -mcpu=cortex-m4 -mthumb -mfloat-abi=hard -mfpu=fpv4-sp-d16 -O2 -fmessage-length=0 -fsigned-char -ffunction-sections -fdata-sections -Wunused -Wuninitialized -Wall -Wextra -Wmissing-declarations -Wconversion -Wpointer-arith -Wshadow -Wlogical-op -Waggregate-return -Wfloat-equal  -g3 -D_RENESAS_SYNERGY_ -I"C:\Work\SC32\SSP_2_0_0_YASB_GitHub_Public\PK_S5D9_BL_Blinky\src" -I"C:\Work\SC32\SSP_2_0_0_YASB_GitHub_Public\PK_S5D9_BL_Blinky\src\synergy_gen" -I"C:\Work\SC32\SSP_2_0_0_YASB_GitHub_Public\PK_S5D9_BL_Blinky\synergy_cfg\ssp_cfg\bsp" -I"C:\Work\SC32\SSP_2_0_0_YASB_GitHub_Public\PK_S5D9_BL_Blinky\synergy_cfg\ssp_cfg\driver" -I"C:\Work\SC32\SSP_2_0_0_YASB_GitHub_Public\PK_S5D9_BL_Blinky\synergy\ssp\inc" -I"C:\Work\SC32\SSP_2_0_0_YASB_GitHub_Public\PK_S5D9_BL_Blinky\synergy\ssp\inc\bsp" -I"C:\Work\SC32\SSP_2_0_0_YASB_GitHub_Public\PK_S5D9_BL_Blinky\synergy\ssp\inc\bsp\cmsis\Include" -I"C:\Work\SC32\SSP_2_0_0_YASB_GitHub_Public\PK_S5D9_BL_Blinky\synergy\ssp\inc\driver\api" -I"C:\Work\SC32\SSP_2_0_0_YASB_GitHub_Public\PK_S5D9_BL_Blinky\synergy\ssp\inc\driver\instances" -I"C:\Work\SC32\SSP_2_0_0_YASB_GitHub_Public\PK_S5D9_BL_Blinky\synergy_cfg\ssp_cfg\framework\el" -I"C:\Work\SC32\SSP_2_0_0_YASB_GitHub_Public\PK_S5D9_BL_Blinky\synergy\ssp\inc\framework\el" -I"C:\Work\SC32\SSP_2_0_0_YASB_GitHub_Public\PK_S5D9_BL_Blinky\synergy\ssp\src\framework\el\tx" -std=c99 -MMD -MP -MF"synergy/ssp/src/driver/r_elc/r_elc.d" -MT"synergy/ssp/src/driver/r_elc/r_elc.o" -c -o "synergy/ssp/src/driver/r_elc/r_elc.o" -x c "../synergy/ssp/src/driver/r_elc/r_elc.c"
'Invoking: GNU ARM Cross C Compiler'
'Invoking: GNU ARM Cross C Compiler'
C:\Users\b3800274\.eclipse\com.renesas.platform_1476787444\Utilities\\/isdebuild arm-none-eabi-gcc -mcpu=cortex-m4 -mthumb -mfloat-abi=hard -mfpu=fpv4-sp-d16 -O2 -fmessage-length=0 -fsigned-char -ffunction-sections -fdata-sections -Wunused -Wuninitialized -Wall -Wextra -Wmissing-declarations -Wconversion -Wpointer-arith -Wshadow -Wlogical-op -Waggregate-return -Wfloat-equal  -g3 -D_RENESAS_SYNERGY_ -I"C:\Work\SC32\SSP_2_0_0_YASB_GitHub_Public\PK_S5D9_BL_Blinky\src" -I"C:\Work\SC32\SSP_2_0_0_YASB_GitHub_Public\PK_S5D9_BL_Blinky\src\synergy_gen" -I"C:\Work\SC32\SSP_2_0_0_YASB_GitHub_Public\PK_S5D9_BL_Blinky\synergy_cfg\ssp_cfg\bsp" -I"C:\Work\SC32\SSP_2_0_0_YASB_GitHub_Public\PK_S5D9_BL_Blinky\synergy_cfg\ssp_cfg\driver" -I"C:\Work\SC32\SSP_2_0_0_YASB_GitHub_Public\PK_S5D9_BL_Blinky\synergy\ssp\inc" -I"C:\Work\SC32\SSP_2_0_0_YASB_GitHub_Public\PK_S5D9_BL_Blinky\synergy\ssp\inc\bsp" -I"C:\Work\SC32\SSP_2_0_0_YASB_GitHub_Public\PK_S5D9_BL_Blinky\synergy\ssp\inc\bsp\cmsis\Include" -I"C:\Work\SC32\SSP_2_0_0_YASB_GitHub_Public\PK_S5D9_BL_Blinky\synergy\ssp\inc\driver\api" -I"C:\Work\SC32\SSP_2_0_0_YASB_GitHub_Public\PK_S5D9_BL_Blinky\synergy\ssp\inc\driver\instances" -I"C:\Work\SC32\SSP_2_0_0_YASB_GitHub_Public\PK_S5D9_BL_Blinky\synergy_cfg\ssp_cfg\framework\el" -I"C:\Work\SC32\SSP_2_0_0_YASB_GitHub_Public\PK_S5D9_BL_Blinky\synergy\ssp\inc\framework\el" -I"C:\Work\SC32\SSP_2_0_0_YASB_GitHub_Public\PK_S5D9_BL_Blinky\synergy\ssp\src\framework\el\tx" -std=c99 -MMD -MP -MF"synergy/ssp/src/driver/r_cgc/r_cgc.d" -MT"synergy/ssp/src/driver/r_cgc/r_cgc.o" -c -o "synergy/ssp/src/driver/r_cgc/r_cgc.o" -x c "../synergy/ssp/src/driver/r_cgc/r_cgc.c"
C:\Users\b3800274\.eclipse\com.renesas.platform_1476787444\Utilities\\/isdebuild arm-none-eabi-gcc -mcpu=cortex-m4 -mthumb -mfloat-abi=hard -mfpu=fpv4-sp-d16 -O2 -fmessage-length=0 -fsigned-char -ffunction-sections -fdata-sections -Wunused -Wuninitialized -Wall -Wextra -Wmissing-declarations -Wconversion -Wpointer-arith -Wshadow -Wlogical-op -Waggregate-return -Wfloat-equal  -g3 -D_RENESAS_SYNERGY_ -I"C:\Work\SC32\SSP_2_0_0_YASB_GitHub_Public\PK_S5D9_BL_Blinky\src" -I"C:\Work\SC32\SSP_2_0_0_YASB_GitHub_Public\PK_S5D9_BL_Blinky\src\synergy_gen" -I"C:\Work\SC32\SSP_2_0_0_YASB_GitHub_Public\PK_S5D9_BL_Blinky\synergy_cfg\ssp_cfg\bsp" -I"C:\Work\SC32\SSP_2_0_0_YASB_GitHub_Public\PK_S5D9_BL_Blinky\synergy_cfg\ssp_cfg\driver" -I"C:\Work\SC32\SSP_2_0_0_YASB_GitHub_Public\PK_S5D9_BL_Blinky\synergy\ssp\inc" -I"C:\Work\SC32\SSP_2_0_0_YASB_GitHub_Public\PK_S5D9_BL_Blinky\synergy\ssp\inc\bsp" -I"C:\Work\SC32\SSP_2_0_0_YASB_GitHub_Public\PK_S5D9_BL_Blinky\synergy\ssp\inc\bsp\cmsis\Include" -I"C:\Work\SC32\SSP_2_0_0_YASB_GitHub_Public\PK_S5D9_BL_Blinky\synergy\ssp\inc\driver\api" -I"C:\Work\SC32\SSP_2_0_0_YASB_GitHub_Public\PK_S5D9_BL_Blinky\synergy\ssp\inc\driver\instances" -I"C:\Work\SC32\SSP_2_0_0_YASB_GitHub_Public\PK_S5D9_BL_Blinky\synergy_cfg\ssp_cfg\framework\el" -I"C:\Work\SC32\SSP_2_0_0_YASB_GitHub_Public\PK_S5D9_BL_Blinky\synergy\ssp\inc\framework\el" -I"C:\Work\SC32\SSP_2_0_0_YASB_GitHub_Public\PK_S5D9_BL_Blinky\synergy\ssp\src\framework\el\tx" -std=c99 -MMD -MP -MF"synergy/ssp/src/bsp/mcu/s5d9/bsp_cache.d" -MT"synergy/ssp/src/bsp/mcu/s5d9/bsp_cache.o" -c -o "synergy/ssp/src/bsp/mcu/s5d9/bsp_cache.o" -x c "../synergy/ssp/src/bsp/mcu/s5d9/bsp_cache.c"
'Finished building: ../synergy/ssp/src/driver/r_elc/r_elc.c'
' '
'Finished building: ../synergy/ssp/src/bsp/mcu/s5d9/bsp_cache.c'
'Finished building: ../synergy/ssp/src/driver/r_ioport/r_ioport.c'
'Building file: ../synergy/ssp/src/bsp/mcu/s5d9/bsp_clocks.c'
' '
' '
'Invoking: GNU ARM Cross C Compiler'
C:\Users\b3800274\.eclipse\com.renesas.platform_1476787444\Utilities\\/isdebuild arm-none-eabi-gcc -mcpu=cortex-m4 -mthumb -mfloat-abi=hard -mfpu=fpv4-sp-d16 -O2 -fmessage-length=0 -fsigned-char -ffunction-sections -fdata-sections -Wunused -Wuninitialized -Wall -Wextra -Wmissing-declarations -Wconversion -Wpointer-arith -Wshadow -Wlogical-op -Waggregate-return -Wfloat-equal  -g3 -D_RENESAS_SYNERGY_ -I"C:\Work\SC32\SSP_2_0_0_YASB_GitHub_Public\PK_S5D9_BL_Blinky\src" -I"C:\Work\SC32\SSP_2_0_0_YASB_GitHub_Public\PK_S5D9_BL_Blinky\src\synergy_gen" -I"C:\Work\SC32\SSP_2_0_0_YASB_GitHub_Public\PK_S5D9_BL_Blinky\synergy_cfg\ssp_cfg\bsp" -I"C:\Work\SC32\SSP_2_0_0_YASB_GitHub_Public\PK_S5D9_BL_Blinky\synergy_cfg\ssp_cfg\driver" -I"C:\Work\SC32\SSP_2_0_0_YASB_GitHub_Public\PK_S5D9_BL_Blinky\synergy\ssp\inc" -I"C:\Work\SC32\SSP_2_0_0_YASB_GitHub_Public\PK_S5D9_BL_Blinky\synergy\ssp\inc\bsp" -I"C:\Work\SC32\SSP_2_0_0_YASB_GitHub_Public\PK_S5D9_BL_Blinky\synergy\ssp\inc\bsp\cmsis\Include" -I"C:\Work\SC32\SSP_2_0_0_YASB_GitHub_Public\PK_S5D9_BL_Blinky\synergy\ssp\inc\driver\api" -I"C:\Work\SC32\SSP_2_0_0_YASB_GitHub_Public\PK_S5D9_BL_Blinky\synergy\ssp\inc\driver\instances" -I"C:\Work\SC32\SSP_2_0_0_YASB_GitHub_Public\PK_S5D9_BL_Blinky\synergy_cfg\ssp_cfg\framework\el" -I"C:\Work\SC32\SSP_2_0_0_YASB_GitHub_Public\PK_S5D9_BL_Blinky\synergy\ssp\inc\framework\el" -I"C:\Work\SC32\SSP_2_0_0_YASB_GitHub_Public\PK_S5D9_BL_Blinky\synergy\ssp\src\framework\el\tx" -std=c99 -MMD -MP -MF"synergy/ssp/src/bsp/mcu/s5d9/bsp_clocks.d" -MT"synergy/ssp/src/bsp/mcu/s5d9/bsp_clocks.o" -c -o "synergy/ssp/src/bsp/mcu/s5d9/bsp_clocks.o" -x c "../synergy/ssp/src/bsp/mcu/s5d9/bsp_clocks.c"
'Building file: ../synergy/ssp/src/bsp/mcu/s5d9/bsp_feature.c'
'Building file: ../synergy/ssp/src/bsp/mcu/s5d9/bsp_group_irq.c'
'Invoking: GNU ARM Cross C Compiler'
C:\Users\b3800274\.eclipse\com.renesas.platform_1476787444\Utilities\\/isdebuild arm-none-eabi-gcc -mcpu=cortex-m4 -mthumb -mfloat-abi=hard -mfpu=fpv4-sp-d16 -O2 -fmessage-length=0 -fsigned-char -ffunction-sections -fdata-sections -Wunused -Wuninitialized -Wall -Wextra -Wmissing-declarations -Wconversion -Wpointer-arith -Wshadow -Wlogical-op -Waggregate-return -Wfloat-equal  -g3 -D_RENESAS_SYNERGY_ -I"C:\Work\SC32\SSP_2_0_0_YASB_GitHub_Public\PK_S5D9_BL_Blinky\src" -I"C:\Work\SC32\SSP_2_0_0_YASB_GitHub_Public\PK_S5D9_BL_Blinky\src\synergy_gen" -I"C:\Work\SC32\SSP_2_0_0_YASB_GitHub_Public\PK_S5D9_BL_Blinky\synergy_cfg\ssp_cfg\bsp" -I"C:\Work\SC32\SSP_2_0_0_YASB_GitHub_Public\PK_S5D9_BL_Blinky\synergy_cfg\ssp_cfg\driver" -I"C:\Work\SC32\SSP_2_0_0_YASB_GitHub_Public\PK_S5D9_BL_Blinky\synergy\ssp\inc" -I"C:\Work\SC32\SSP_2_0_0_YASB_GitHub_Public\PK_S5D9_BL_Blinky\synergy\ssp\inc\bsp" -I"C:\Work\SC32\SSP_2_0_0_YASB_GitHub_Public\PK_S5D9_BL_Blinky\synergy\ssp\inc\bsp\cmsis\Include" -I"C:\Work\SC32\SSP_2_0_0_YASB_GitHub_Public\PK_S5D9_BL_Blinky\synergy\ssp\inc\driver\api" -I"C:\Work\SC32\SSP_2_0_0_YASB_GitHub_Public\PK_S5D9_BL_Blinky\synergy\ssp\inc\driver\instances" -I"C:\Work\SC32\SSP_2_0_0_YASB_GitHub_Public\PK_S5D9_BL_Blinky\synergy_cfg\ssp_cfg\framework\el" -I"C:\Work\SC32\SSP_2_0_0_YASB_GitHub_Public\PK_S5D9_BL_Blinky\synergy\ssp\inc\framework\el" -I"C:\Work\SC32\SSP_2_0_0_YASB_GitHub_Public\PK_S5D9_BL_Blinky\synergy\ssp\src\framework\el\tx" -std=c99 -MMD -MP -MF"synergy/ssp/src/bsp/mcu/s5d9/bsp_feature.d" -MT"synergy/ssp/src/bsp/mcu/s5d9/bsp_feature.o" -c -o "synergy/ssp/src/bsp/mcu/s5d9/bsp_feature.o" -x c "../synergy/ssp/src/bsp/mcu/s5d9/bsp_feature.c"
'Invoking: GNU ARM Cross C Compiler'
C:\Users\b3800274\.eclipse\com.renesas.platform_1476787444\Utilities\\/isdebuild arm-none-eabi-gcc -mcpu=cortex-m4 -mthumb -mfloat-abi=hard -mfpu=fpv4-sp-d16 -O2 -fmessage-length=0 -fsigned-char -ffunction-sections -fdata-sections -Wunused -Wuninitialized -Wall -Wextra -Wmissing-declarations -Wconversion -Wpointer-arith -Wshadow -Wlogical-op -Waggregate-return -Wfloat-equal  -g3 -D_RENESAS_SYNERGY_ -I"C:\Work\SC32\SSP_2_0_0_YASB_GitHub_Public\PK_S5D9_BL_Blinky\src" -I"C:\Work\SC32\SSP_2_0_0_YASB_GitHub_Public\PK_S5D9_BL_Blinky\src\synergy_gen" -I"C:\Work\SC32\SSP_2_0_0_YASB_GitHub_Public\PK_S5D9_BL_Blinky\synergy_cfg\ssp_cfg\bsp" -I"C:\Work\SC32\SSP_2_0_0_YASB_GitHub_Public\PK_S5D9_BL_Blinky\synergy_cfg\ssp_cfg\driver" -I"C:\Work\SC32\SSP_2_0_0_YASB_GitHub_Public\PK_S5D9_BL_Blinky\synergy\ssp\inc" -I"C:\Work\SC32\SSP_2_0_0_YASB_GitHub_Public\PK_S5D9_BL_Blinky\synergy\ssp\inc\bsp" -I"C:\Work\SC32\SSP_2_0_0_YASB_GitHub_Public\PK_S5D9_BL_Blinky\synergy\ssp\inc\bsp\cmsis\Include" -I"C:\Work\SC32\SSP_2_0_0_YASB_GitHub_Public\PK_S5D9_BL_Blinky\synergy\ssp\inc\driver\api" -I"C:\Work\SC32\SSP_2_0_0_YASB_GitHub_Public\PK_S5D9_BL_Blinky\synergy\ssp\inc\driver\instances" -I"C:\Work\SC32\SSP_2_0_0_YASB_GitHub_Public\PK_S5D9_BL_Blinky\synergy_cfg\ssp_cfg\framework\el" -I"C:\Work\SC32\SSP_2_0_0_YASB_GitHub_Public\PK_S5D9_BL_Blinky\synergy\ssp\inc\framework\el" -I"C:\Work\SC32\SSP_2_0_0_YASB_GitHub_Public\PK_S5D9_BL_Blinky\synergy\ssp\src\framework\el\tx" -std=c99 -MMD -MP -MF"synergy/ssp/src/bsp/mcu/s5d9/bsp_group_irq.d" -MT"synergy/ssp/src/bsp/mcu/s5d9/bsp_group_irq.o" -c -o "synergy/ssp/src/bsp/mcu/s5d9/bsp_group_irq.o" -x c "../synergy/ssp/src/bsp/mcu/s5d9/bsp_group_irq.c"
'Finished building: ../synergy/ssp/src/driver/r_cgc/r_cgc.c'
' '
'Building file: ../synergy/ssp/src/bsp/mcu/s5d9/bsp_hw_locks.c'
'Finished building: ../synergy/ssp/src/bsp/mcu/s5d9/bsp_clocks.c'
'Invoking: GNU ARM Cross C Compiler'
C:\Users\b3800274\.eclipse\com.renesas.platform_1476787444\Utilities\\/isdebuild arm-none-eabi-gcc -mcpu=cortex-m4 -mthumb -mfloat-abi=hard -mfpu=fpv4-sp-d16 -O2 -fmessage-length=0 -fsigned-char -ffunction-sections -fdata-sections -Wunused -Wuninitialized -Wall -Wextra -Wmissing-declarations -Wconversion -Wpointer-arith -Wshadow -Wlogical-op -Waggregate-return -Wfloat-equal  -g3 -D_RENESAS_SYNERGY_ -I"C:\Work\SC32\SSP_2_0_0_YASB_GitHub_Public\PK_S5D9_BL_Blinky\src" -I"C:\Work\SC32\SSP_2_0_0_YASB_GitHub_Public\PK_S5D9_BL_Blinky\src\synergy_gen" -I"C:\Work\SC32\SSP_2_0_0_YASB_GitHub_Public\PK_S5D9_BL_Blinky\synergy_cfg\ssp_cfg\bsp" -I"C:\Work\SC32\SSP_2_0_0_YASB_GitHub_Public\PK_S5D9_BL_Blinky\synergy_cfg\ssp_cfg\driver" -I"C:\Work\SC32\SSP_2_0_0_YASB_GitHub_Public\PK_S5D9_BL_Blinky\synergy\ssp\inc" -I"C:\Work\SC32\SSP_2_0_0_YASB_GitHub_Public\PK_S5D9_BL_Blinky\synergy\ssp\inc\bsp" -I"C:\Work\SC32\SSP_2_0_0_YASB_GitHub_Public\PK_S5D9_BL_Blinky\synergy\ssp\inc\bsp\cmsis\Include" -I"C:\Work\SC32\SSP_2_0_0_YASB_GitHub_Public\PK_S5D9_BL_Blinky\synergy\ssp\inc\driver\api" -I"C:\Work\SC32\SSP_2_0_0_YASB_GitHub_Public\PK_S5D9_BL_Blinky\synergy\ssp\inc\driver\instances" -I"C:\Work\SC32\SSP_2_0_0_YASB_GitHub_Public\PK_S5D9_BL_Blinky\synergy_cfg\ssp_cfg\framework\el" -I"C:\Work\SC32\SSP_2_0_0_YASB_GitHub_Public\PK_S5D9_BL_Blinky\synergy\ssp\inc\framework\el" -I"C:\Work\SC32\SSP_2_0_0_YASB_GitHub_Public\PK_S5D9_BL_Blinky\synergy\ssp\src\framework\el\tx" -std=c99 -MMD -MP -MF"synergy/ssp/src/bsp/mcu/s5d9/bsp_hw_locks.d" -MT"synergy/ssp/src/bsp/mcu/s5d9/bsp_hw_locks.o" -c -o "synergy/ssp/src/bsp/mcu/s5d9/bsp_hw_locks.o" -x c "../synergy/ssp/src/bsp/mcu/s5d9/bsp_hw_locks.c"
' '
'Finished building: ../synergy/ssp/src/bsp/mcu/s5d9/bsp_feature.c'
'Building file: ../synergy/ssp/src/bsp/mcu/s5d9/bsp_module_stop.c'
'Finished building: ../synergy/ssp/src/bsp/mcu/s5d9/bsp_group_irq.c'
' '
'Invoking: GNU ARM Cross C Compiler'
' '
C:\Users\b3800274\.eclipse\com.renesas.platform_1476787444\Utilities\\/isdebuild arm-none-eabi-gcc -mcpu=cortex-m4 -mthumb -mfloat-abi=hard -mfpu=fpv4-sp-d16 -O2 -fmessage-length=0 -fsigned-char -ffunction-sections -fdata-sections -Wunused -Wuninitialized -Wall -Wextra -Wmissing-declarations -Wconversion -Wpointer-arith -Wshadow -Wlogical-op -Waggregate-return -Wfloat-equal  -g3 -D_RENESAS_SYNERGY_ -I"C:\Work\SC32\SSP_2_0_0_YASB_GitHub_Public\PK_S5D9_BL_Blinky\src" -I"C:\Work\SC32\SSP_2_0_0_YASB_GitHub_Public\PK_S5D9_BL_Blinky\src\synergy_gen" -I"C:\Work\SC32\SSP_2_0_0_YASB_GitHub_Public\PK_S5D9_BL_Blinky\synergy_cfg\ssp_cfg\bsp" -I"C:\Work\SC32\SSP_2_0_0_YASB_GitHub_Public\PK_S5D9_BL_Blinky\synergy_cfg\ssp_cfg\driver" -I"C:\Work\SC32\SSP_2_0_0_YASB_GitHub_Public\PK_S5D9_BL_Blinky\synergy\ssp\inc" -I"C:\Work\SC32\SSP_2_0_0_YASB_GitHub_Public\PK_S5D9_BL_Blinky\synergy\ssp\inc\bsp" -I"C:\Work\SC32\SSP_2_0_0_YASB_GitHub_Public\PK_S5D9_BL_Blinky\synergy\ssp\inc\bsp\cmsis\Include" -I"C:\Work\SC32\SSP_2_0_0_YASB_GitHub_Public\PK_S5D9_BL_Blinky\synergy\ssp\inc\driver\api" -I"C:\Work\SC32\SSP_2_0_0_YASB_GitHub_Public\PK_S5D9_BL_Blinky\synergy\ssp\inc\driver\instances" -I"C:\Work\SC32\SSP_2_0_0_YASB_GitHub_Public\PK_S5D9_BL_Blinky\synergy_cfg\ssp_cfg\framework\el" -I"C:\Work\SC32\SSP_2_0_0_YASB_GitHub_Public\PK_S5D9_BL_Blinky\synergy\ssp\inc\framework\el" -I"C:\Work\SC32\SSP_2_0_0_YASB_GitHub_Public\PK_S5D9_BL_Blinky\synergy\ssp\src\framework\el\tx" -std=c99 -MMD -MP -MF"synergy/ssp/src/bsp/mcu/s5d9/bsp_module_stop.d" -MT"synergy/ssp/src/bsp/mcu/s5d9/bsp_module_stop.o" -c -o "synergy/ssp/src/bsp/mcu/s5d9/bsp_module_stop.o" -x c "../synergy/ssp/src/bsp/mcu/s5d9/bsp_module_stop.c"
'Building file: ../synergy/ssp/src/bsp/mcu/s5d9/bsp_rom_registers.c'
'Building file: ../synergy/ssp/src/bsp/mcu/all/bsp_common.c'
'Invoking: GNU ARM Cross C Compiler'
C:\Users\b3800274\.eclipse\com.renesas.platform_1476787444\Utilities\\/isdebuild arm-none-eabi-gcc -mcpu=cortex-m4 -mthumb -mfloat-abi=hard -mfpu=fpv4-sp-d16 -O2 -fmessage-length=0 -fsigned-char -ffunction-sections -fdata-sections -Wunused -Wuninitialized -Wall -Wextra -Wmissing-declarations -Wconversion -Wpointer-arith -Wshadow -Wlogical-op -Waggregate-return -Wfloat-equal  -g3 -D_RENESAS_SYNERGY_ -I"C:\Work\SC32\SSP_2_0_0_YASB_GitHub_Public\PK_S5D9_BL_Blinky\src" -I"C:\Work\SC32\SSP_2_0_0_YASB_GitHub_Public\PK_S5D9_BL_Blinky\src\synergy_gen" -I"C:\Work\SC32\SSP_2_0_0_YASB_GitHub_Public\PK_S5D9_BL_Blinky\synergy_cfg\ssp_cfg\bsp" -I"C:\Work\SC32\SSP_2_0_0_YASB_GitHub_Public\PK_S5D9_BL_Blinky\synergy_cfg\ssp_cfg\driver" -I"C:\Work\SC32\SSP_2_0_0_YASB_GitHub_Public\PK_S5D9_BL_Blinky\synergy\ssp\inc" -I"C:\Work\SC32\SSP_2_0_0_YASB_GitHub_Public\PK_S5D9_BL_Blinky\synergy\ssp\inc\bsp" -I"C:\Work\SC32\SSP_2_0_0_YASB_GitHub_Public\PK_S5D9_BL_Blinky\synergy\ssp\inc\bsp\cmsis\Include" -I"C:\Work\SC32\SSP_2_0_0_YASB_GitHub_Public\PK_S5D9_BL_Blinky\synergy\ssp\inc\driver\api" -I"C:\Work\SC32\SSP_2_0_0_YASB_GitHub_Public\PK_S5D9_BL_Blinky\synergy\ssp\inc\driver\instances" -I"C:\Work\SC32\SSP_2_0_0_YASB_GitHub_Public\PK_S5D9_BL_Blinky\synergy_cfg\ssp_cfg\framework\el" -I"C:\Work\SC32\SSP_2_0_0_YASB_GitHub_Public\PK_S5D9_BL_Blinky\synergy\ssp\inc\framework\el" -I"C:\Work\SC32\SSP_2_0_0_YASB_GitHub_Public\PK_S5D9_BL_Blinky\synergy\ssp\src\framework\el\tx" -std=c99 -MMD -MP -MF"synergy/ssp/src/bsp/mcu/s5d9/bsp_rom_registers.d" -MT"synergy/ssp/src/bsp/mcu/s5d9/bsp_rom_registers.o" -c -o "synergy/ssp/src/bsp/mcu/s5d9/bsp_rom_registers.o" -x c "../synergy/ssp/src/bsp/mcu/s5d9/bsp_rom_registers.c"
'Invoking: GNU ARM Cross C Compiler'
C:\Users\b3800274\.eclipse\com.renesas.platform_1476787444\Utilities\\/isdebuild arm-none-eabi-gcc -mcpu=cortex-m4 -mthumb -mfloat-abi=hard -mfpu=fpv4-sp-d16 -O2 -fmessage-length=0 -fsigned-char -ffunction-sections -fdata-sections -Wunused -Wuninitialized -Wall -Wextra -Wmissing-declarations -Wconversion -Wpointer-arith -Wshadow -Wlogical-op -Waggregate-return -Wfloat-equal  -g3 -D_RENESAS_SYNERGY_ -I"C:\Work\SC32\SSP_2_0_0_YASB_GitHub_Public\PK_S5D9_BL_Blinky\src" -I"C:\Work\SC32\SSP_2_0_0_YASB_GitHub_Public\PK_S5D9_BL_Blinky\src\synergy_gen" -I"C:\Work\SC32\SSP_2_0_0_YASB_GitHub_Public\PK_S5D9_BL_Blinky\synergy_cfg\ssp_cfg\bsp" -I"C:\Work\SC32\SSP_2_0_0_YASB_GitHub_Public\PK_S5D9_BL_Blinky\synergy_cfg\ssp_cfg\driver" -I"C:\Work\SC32\SSP_2_0_0_YASB_GitHub_Public\PK_S5D9_BL_Blinky\synergy\ssp\inc" -I"C:\Work\SC32\SSP_2_0_0_YASB_GitHub_Public\PK_S5D9_BL_Blinky\synergy\ssp\inc\bsp" -I"C:\Work\SC32\SSP_2_0_0_YASB_GitHub_Public\PK_S5D9_BL_Blinky\synergy\ssp\inc\bsp\cmsis\Include" -I"C:\Work\SC32\SSP_2_0_0_YASB_GitHub_Public\PK_S5D9_BL_Blinky\synergy\ssp\inc\driver\api" -I"C:\Work\SC32\SSP_2_0_0_YASB_GitHub_Public\PK_S5D9_BL_Blinky\synergy\ssp\inc\driver\instances" -I"C:\Work\SC32\SSP_2_0_0_YASB_GitHub_Public\PK_S5D9_BL_Blinky\synergy_cfg\ssp_cfg\framework\el" -I"C:\Work\SC32\SSP_2_0_0_YASB_GitHub_Public\PK_S5D9_BL_Blinky\synergy\ssp\inc\framework\el" -I"C:\Work\SC32\SSP_2_0_0_YASB_GitHub_Public\PK_S5D9_BL_Blinky\synergy\ssp\src\framework\el\tx" -std=c99 -MMD -MP -MF"synergy/ssp/src/bsp/mcu/all/bsp_common.d" -MT"synergy/ssp/src/bsp/mcu/all/bsp_common.o" -c -o "synergy/ssp/src/bsp/mcu/all/bsp_common.o" -x c "../synergy/ssp/src/bsp/mcu/all/bsp_common.c"
'Finished building: ../synergy/ssp/src/bsp/mcu/s5d9/bsp_hw_locks.c'
' '
'Building file: ../synergy/ssp/src/bsp/mcu/all/bsp_common_leds.c'
'Finished building: ../synergy/ssp/src/bsp/mcu/s5d9/bsp_module_stop.c'
'Finished building: ../synergy/ssp/src/bsp/mcu/s5d9/bsp_rom_registers.c'
'Invoking: GNU ARM Cross C Compiler'
C:\Users\b3800274\.eclipse\com.renesas.platform_1476787444\Utilities\\/isdebuild arm-none-eabi-gcc -mcpu=cortex-m4 -mthumb -mfloat-abi=hard -mfpu=fpv4-sp-d16 -O2 -fmessage-length=0 -fsigned-char -ffunction-sections -fdata-sections -Wunused -Wuninitialized -Wall -Wextra -Wmissing-declarations -Wconversion -Wpointer-arith -Wshadow -Wlogical-op -Waggregate-return -Wfloat-equal  -g3 -D_RENESAS_SYNERGY_ -I"C:\Work\SC32\SSP_2_0_0_YASB_GitHub_Public\PK_S5D9_BL_Blinky\src" -I"C:\Work\SC32\SSP_2_0_0_YASB_GitHub_Public\PK_S5D9_BL_Blinky\src\synergy_gen" -I"C:\Work\SC32\SSP_2_0_0_YASB_GitHub_Public\PK_S5D9_BL_Blinky\synergy_cfg\ssp_cfg\bsp" -I"C:\Work\SC32\SSP_2_0_0_YASB_GitHub_Public\PK_S5D9_BL_Blinky\synergy_cfg\ssp_cfg\driver" -I"C:\Work\SC32\SSP_2_0_0_YASB_GitHub_Public\PK_S5D9_BL_Blinky\synergy\ssp\inc" -I"C:\Work\SC32\SSP_2_0_0_YASB_GitHub_Public\PK_S5D9_BL_Blinky\synergy\ssp\inc\bsp" -I"C:\Work\SC32\SSP_2_0_0_YASB_GitHub_Public\PK_S5D9_BL_Blinky\synergy\ssp\inc\bsp\cmsis\Include" -I"C:\Work\SC32\SSP_2_0_0_YASB_GitHub_Public\PK_S5D9_BL_Blinky\synergy\ssp\inc\driver\api" -I"C:\Work\SC32\SSP_2_0_0_YASB_GitHub_Public\PK_S5D9_BL_Blinky\synergy\ssp\inc\driver\instances" -I"C:\Work\SC32\SSP_2_0_0_YASB_GitHub_Public\PK_S5D9_BL_Blinky\synergy_cfg\ssp_cfg\framework\el" -I"C:\Work\SC32\SSP_2_0_0_YASB_GitHub_Public\PK_S5D9_BL_Blinky\synergy\ssp\inc\framework\el" -I"C:\Work\SC32\SSP_2_0_0_YASB_GitHub_Public\PK_S5D9_BL_Blinky\synergy\ssp\src\framework\el\tx" -std=c99 -MMD -MP -MF"synergy/ssp/src/bsp/mcu/all/bsp_common_leds.d" -MT"synergy/ssp/src/bsp/mcu/all/bsp_common_leds.o" -c -o "synergy/ssp/src/bsp/mcu/all/bsp_common_leds.o" -x c "../synergy/ssp/src/bsp/mcu/all/bsp_common_leds.c"
' '
' '
'Finished building: ../synergy/ssp/src/bsp/mcu/all/bsp_common.c'
'Building file: ../synergy/ssp/src/bsp/mcu/all/bsp_delay.c'
'Building file: ../synergy/ssp/src/bsp/mcu/all/bsp_irq.c'
' '
'Invoking: GNU ARM Cross C Compiler'
C:\Users\b3800274\.eclipse\com.renesas.platform_1476787444\Utilities\\/isdebuild arm-none-eabi-gcc -mcpu=cortex-m4 -mthumb -mfloat-abi=hard -mfpu=fpv4-sp-d16 -O2 -fmessage-length=0 -fsigned-char -ffunction-sections -fdata-sections -Wunused -Wuninitialized -Wall -Wextra -Wmissing-declarations -Wconversion -Wpointer-arith -Wshadow -Wlogical-op -Waggregate-return -Wfloat-equal  -g3 -D_RENESAS_SYNERGY_ -I"C:\Work\SC32\SSP_2_0_0_YASB_GitHub_Public\PK_S5D9_BL_Blinky\src" -I"C:\Work\SC32\SSP_2_0_0_YASB_GitHub_Public\PK_S5D9_BL_Blinky\src\synergy_gen" -I"C:\Work\SC32\SSP_2_0_0_YASB_GitHub_Public\PK_S5D9_BL_Blinky\synergy_cfg\ssp_cfg\bsp" -I"C:\Work\SC32\SSP_2_0_0_YASB_GitHub_Public\PK_S5D9_BL_Blinky\synergy_cfg\ssp_cfg\driver" -I"C:\Work\SC32\SSP_2_0_0_YASB_GitHub_Public\PK_S5D9_BL_Blinky\synergy\ssp\inc" -I"C:\Work\SC32\SSP_2_0_0_YASB_GitHub_Public\PK_S5D9_BL_Blinky\synergy\ssp\inc\bsp" -I"C:\Work\SC32\SSP_2_0_0_YASB_GitHub_Public\PK_S5D9_BL_Blinky\synergy\ssp\inc\bsp\cmsis\Include" -I"C:\Work\SC32\SSP_2_0_0_YASB_GitHub_Public\PK_S5D9_BL_Blinky\synergy\ssp\inc\driver\api" -I"C:\Work\SC32\SSP_2_0_0_YASB_GitHub_Public\PK_S5D9_BL_Blinky\synergy\ssp\inc\driver\instances" -I"C:\Work\SC32\SSP_2_0_0_YASB_GitHub_Public\PK_S5D9_BL_Blinky\synergy_cfg\ssp_cfg\framework\el" -I"C:\Work\SC32\SSP_2_0_0_YASB_GitHub_Public\PK_S5D9_BL_Blinky\synergy\ssp\inc\framework\el" -I"C:\Work\SC32\SSP_2_0_0_YASB_GitHub_Public\PK_S5D9_BL_Blinky\synergy\ssp\src\framework\el\tx" -std=c99 -MMD -MP -MF"synergy/ssp/src/bsp/mcu/all/bsp_delay.d" -MT"synergy/ssp/src/bsp/mcu/all/bsp_delay.o" -c -o "synergy/ssp/src/bsp/mcu/all/bsp_delay.o" -x c "../synergy/ssp/src/bsp/mcu/all/bsp_delay.c"
'Invoking: GNU ARM Cross C Compiler'
C:\Users\b3800274\.eclipse\com.renesas.platform_1476787444\Utilities\\/isdebuild arm-none-eabi-gcc -mcpu=cortex-m4 -mthumb -mfloat-abi=hard -mfpu=fpv4-sp-d16 -O2 -fmessage-length=0 -fsigned-char -ffunction-sections -fdata-sections -Wunused -Wuninitialized -Wall -Wextra -Wmissing-declarations -Wconversion -Wpointer-arith -Wshadow -Wlogical-op -Waggregate-return -Wfloat-equal  -g3 -D_RENESAS_SYNERGY_ -I"C:\Work\SC32\SSP_2_0_0_YASB_GitHub_Public\PK_S5D9_BL_Blinky\src" -I"C:\Work\SC32\SSP_2_0_0_YASB_GitHub_Public\PK_S5D9_BL_Blinky\src\synergy_gen" -I"C:\Work\SC32\SSP_2_0_0_YASB_GitHub_Public\PK_S5D9_BL_Blinky\synergy_cfg\ssp_cfg\bsp" -I"C:\Work\SC32\SSP_2_0_0_YASB_GitHub_Public\PK_S5D9_BL_Blinky\synergy_cfg\ssp_cfg\driver" -I"C:\Work\SC32\SSP_2_0_0_YASB_GitHub_Public\PK_S5D9_BL_Blinky\synergy\ssp\inc" -I"C:\Work\SC32\SSP_2_0_0_YASB_GitHub_Public\PK_S5D9_BL_Blinky\synergy\ssp\inc\bsp" -I"C:\Work\SC32\SSP_2_0_0_YASB_GitHub_Public\PK_S5D9_BL_Blinky\synergy\ssp\inc\bsp\cmsis\Include" -I"C:\Work\SC32\SSP_2_0_0_YASB_GitHub_Public\PK_S5D9_BL_Blinky\synergy\ssp\inc\driver\api" -I"C:\Work\SC32\SSP_2_0_0_YASB_GitHub_Public\PK_S5D9_BL_Blinky\synergy\ssp\inc\driver\instances" -I"C:\Work\SC32\SSP_2_0_0_YASB_GitHub_Public\PK_S5D9_BL_Blinky\synergy_cfg\ssp_cfg\framework\el" -I"C:\Work\SC32\SSP_2_0_0_YASB_GitHub_Public\PK_S5D9_BL_Blinky\synergy\ssp\inc\framework\el" -I"C:\Work\SC32\SSP_2_0_0_YASB_GitHub_Public\PK_S5D9_BL_Blinky\synergy\ssp\src\framework\el\tx" -std=c99 -MMD -MP -MF"synergy/ssp/src/bsp/mcu/all/bsp_irq.d" -MT"synergy/ssp/src/bsp/mcu/all/bsp_irq.o" -c -o "synergy/ssp/src/bsp/mcu/all/bsp_irq.o" -x c "../synergy/ssp/src/bsp/mcu/all/bsp_irq.c"
'Building file: ../synergy/ssp/src/bsp/mcu/all/bsp_locking.c'
'Invoking: GNU ARM Cross C Compiler'
C:\Users\b3800274\.eclipse\com.renesas.platform_1476787444\Utilities\\/isdebuild arm-none-eabi-gcc -mcpu=cortex-m4 -mthumb -mfloat-abi=hard -mfpu=fpv4-sp-d16 -O2 -fmessage-length=0 -fsigned-char -ffunction-sections -fdata-sections -Wunused -Wuninitialized -Wall -Wextra -Wmissing-declarations -Wconversion -Wpointer-arith -Wshadow -Wlogical-op -Waggregate-return -Wfloat-equal  -g3 -D_RENESAS_SYNERGY_ -I"C:\Work\SC32\SSP_2_0_0_YASB_GitHub_Public\PK_S5D9_BL_Blinky\src" -I"C:\Work\SC32\SSP_2_0_0_YASB_GitHub_Public\PK_S5D9_BL_Blinky\src\synergy_gen" -I"C:\Work\SC32\SSP_2_0_0_YASB_GitHub_Public\PK_S5D9_BL_Blinky\synergy_cfg\ssp_cfg\bsp" -I"C:\Work\SC32\SSP_2_0_0_YASB_GitHub_Public\PK_S5D9_BL_Blinky\synergy_cfg\ssp_cfg\driver" -I"C:\Work\SC32\SSP_2_0_0_YASB_GitHub_Public\PK_S5D9_BL_Blinky\synergy\ssp\inc" -I"C:\Work\SC32\SSP_2_0_0_YASB_GitHub_Public\PK_S5D9_BL_Blinky\synergy\ssp\inc\bsp" -I"C:\Work\SC32\SSP_2_0_0_YASB_GitHub_Public\PK_S5D9_BL_Blinky\synergy\ssp\inc\bsp\cmsis\Include" -I"C:\Work\SC32\SSP_2_0_0_YASB_GitHub_Public\PK_S5D9_BL_Blinky\synergy\ssp\inc\driver\api" -I"C:\Work\SC32\SSP_2_0_0_YASB_GitHub_Public\PK_S5D9_BL_Blinky\synergy\ssp\inc\driver\instances" -I"C:\Work\SC32\SSP_2_0_0_YASB_GitHub_Public\PK_S5D9_BL_Blinky\synergy_cfg\ssp_cfg\framework\el" -I"C:\Work\SC32\SSP_2_0_0_YASB_GitHub_Public\PK_S5D9_BL_Blinky\synergy\ssp\inc\framework\el" -I"C:\Work\SC32\SSP_2_0_0_YASB_GitHub_Public\PK_S5D9_BL_Blinky\synergy\ssp\src\framework\el\tx" -std=c99 -MMD -MP -MF"synergy/ssp/src/bsp/mcu/all/bsp_locking.d" -MT"synergy/ssp/src/bsp/mcu/all/bsp_locking.o" -c -o "synergy/ssp/src/bsp/mcu/all/bsp_locking.o" -x c "../synergy/ssp/src/bsp/mcu/all/bsp_locking.c"
'Finished building: ../synergy/ssp/src/bsp/mcu/all/bsp_common_leds.c'
'Finished building: ../synergy/ssp/src/bsp/mcu/all/bsp_delay.c'
' '
'Finished building: ../synergy/ssp/src/bsp/mcu/all/bsp_irq.c'
' '
'Building file: ../synergy/ssp/src/bsp/mcu/all/bsp_register_protection.c'
' '
'Invoking: GNU ARM Cross C Compiler'
'Building file: ../synergy/ssp/src/bsp/mcu/all/bsp_sbrk.c'
C:\Users\b3800274\.eclipse\com.renesas.platform_1476787444\Utilities\\/isdebuild arm-none-eabi-gcc -mcpu=cortex-m4 -mthumb -mfloat-abi=hard -mfpu=fpv4-sp-d16 -O2 -fmessage-length=0 -fsigned-char -ffunction-sections -fdata-sections -Wunused -Wuninitialized -Wall -Wextra -Wmissing-declarations -Wconversion -Wpointer-arith -Wshadow -Wlogical-op -Waggregate-return -Wfloat-equal  -g3 -D_RENESAS_SYNERGY_ -I"C:\Work\SC32\SSP_2_0_0_YASB_GitHub_Public\PK_S5D9_BL_Blinky\src" -I"C:\Work\SC32\SSP_2_0_0_YASB_GitHub_Public\PK_S5D9_BL_Blinky\src\synergy_gen" -I"C:\Work\SC32\SSP_2_0_0_YASB_GitHub_Public\PK_S5D9_BL_Blinky\synergy_cfg\ssp_cfg\bsp" -I"C:\Work\SC32\SSP_2_0_0_YASB_GitHub_Public\PK_S5D9_BL_Blinky\synergy_cfg\ssp_cfg\driver" -I"C:\Work\SC32\SSP_2_0_0_YASB_GitHub_Public\PK_S5D9_BL_Blinky\synergy\ssp\inc" -I"C:\Work\SC32\SSP_2_0_0_YASB_GitHub_Public\PK_S5D9_BL_Blinky\synergy\ssp\inc\bsp" -I"C:\Work\SC32\SSP_2_0_0_YASB_GitHub_Public\PK_S5D9_BL_Blinky\synergy\ssp\inc\bsp\cmsis\Include" -I"C:\Work\SC32\SSP_2_0_0_YASB_GitHub_Public\PK_S5D9_BL_Blinky\synergy\ssp\inc\driver\api" -I"C:\Work\SC32\SSP_2_0_0_YASB_GitHub_Public\PK_S5D9_BL_Blinky\synergy\ssp\inc\driver\instances" -I"C:\Work\SC32\SSP_2_0_0_YASB_GitHub_Public\PK_S5D9_BL_Blinky\synergy_cfg\ssp_cfg\framework\el" -I"C:\Work\SC32\SSP_2_0_0_YASB_GitHub_Public\PK_S5D9_BL_Blinky\synergy\ssp\inc\framework\el" -I"C:\Work\SC32\SSP_2_0_0_YASB_GitHub_Public\PK_S5D9_BL_Blinky\synergy\ssp\src\framework\el\tx" -std=c99 -MMD -MP -MF"synergy/ssp/src/bsp/mcu/all/bsp_register_protection.d" -MT"synergy/ssp/src/bsp/mcu/all/bsp_register_protection.o" -c -o "synergy/ssp/src/bsp/mcu/all/bsp_register_protection.o" -x c "../synergy/ssp/src/bsp/mcu/all/bsp_register_protection.c"
'Finished building: ../synergy/ssp/src/bsp/mcu/all/bsp_locking.c'
'Invoking: GNU ARM Cross C Compiler'
C:\Users\b3800274\.eclipse\com.renesas.platform_1476787444\Utilities\\/isdebuild arm-none-eabi-gcc -mcpu=cortex-m4 -mthumb -mfloat-abi=hard -mfpu=fpv4-sp-d16 -O2 -fmessage-length=0 -fsigned-char -ffunction-sections -fdata-sections -Wunused -Wuninitialized -Wall -Wextra -Wmissing-declarations -Wconversion -Wpointer-arith -Wshadow -Wlogical-op -Waggregate-return -Wfloat-equal  -g3 -D_RENESAS_SYNERGY_ -I"C:\Work\SC32\SSP_2_0_0_YASB_GitHub_Public\PK_S5D9_BL_Blinky\src" -I"C:\Work\SC32\SSP_2_0_0_YASB_GitHub_Public\PK_S5D9_BL_Blinky\src\synergy_gen" -I"C:\Work\SC32\SSP_2_0_0_YASB_GitHub_Public\PK_S5D9_BL_Blinky\synergy_cfg\ssp_cfg\bsp" -I"C:\Work\SC32\SSP_2_0_0_YASB_GitHub_Public\PK_S5D9_BL_Blinky\synergy_cfg\ssp_cfg\driver" -I"C:\Work\SC32\SSP_2_0_0_YASB_GitHub_Public\PK_S5D9_BL_Blinky\synergy\ssp\inc" -I"C:\Work\SC32\SSP_2_0_0_YASB_GitHub_Public\PK_S5D9_BL_Blinky\synergy\ssp\inc\bsp" -I"C:\Work\SC32\SSP_2_0_0_YASB_GitHub_Public\PK_S5D9_BL_Blinky\synergy\ssp\inc\bsp\cmsis\Include" -I"C:\Work\SC32\SSP_2_0_0_YASB_GitHub_Public\PK_S5D9_BL_Blinky\synergy\ssp\inc\driver\api" -I"C:\Work\SC32\SSP_2_0_0_YASB_GitHub_Public\PK_S5D9_BL_Blinky\synergy\ssp\inc\driver\instances" -I"C:\Work\SC32\SSP_2_0_0_YASB_GitHub_Public\PK_S5D9_BL_Blinky\synergy_cfg\ssp_cfg\framework\el" -I"C:\Work\SC32\SSP_2_0_0_YASB_GitHub_Public\PK_S5D9_BL_Blinky\synergy\ssp\inc\framework\el" -I"C:\Work\SC32\SSP_2_0_0_YASB_GitHub_Public\PK_S5D9_BL_Blinky\synergy\ssp\src\framework\el\tx" -std=c99 -MMD -MP -MF"synergy/ssp/src/bsp/mcu/all/bsp_sbrk.d" -MT"synergy/ssp/src/bsp/mcu/all/bsp_sbrk.o" -c -o "synergy/ssp/src/bsp/mcu/all/bsp_sbrk.o" -x c "../synergy/ssp/src/bsp/mcu/all/bsp_sbrk.c"
'Building file: ../synergy/ssp/src/bsp/cmsis/Device/RENESAS/S5D9/Source/startup_S5D9.c'
' '
'Invoking: GNU ARM Cross C Compiler'
C:\Users\b3800274\.eclipse\com.renesas.platform_1476787444\Utilities\\/isdebuild arm-none-eabi-gcc -mcpu=cortex-m4 -mthumb -mfloat-abi=hard -mfpu=fpv4-sp-d16 -O2 -fmessage-length=0 -fsigned-char -ffunction-sections -fdata-sections -Wunused -Wuninitialized -Wall -Wextra -Wmissing-declarations -Wconversion -Wpointer-arith -Wshadow -Wlogical-op -Waggregate-return -Wfloat-equal  -g3 -D_RENESAS_SYNERGY_ -I"C:\Work\SC32\SSP_2_0_0_YASB_GitHub_Public\PK_S5D9_BL_Blinky\src" -I"C:\Work\SC32\SSP_2_0_0_YASB_GitHub_Public\PK_S5D9_BL_Blinky\src\synergy_gen" -I"C:\Work\SC32\SSP_2_0_0_YASB_GitHub_Public\PK_S5D9_BL_Blinky\synergy_cfg\ssp_cfg\bsp" -I"C:\Work\SC32\SSP_2_0_0_YASB_GitHub_Public\PK_S5D9_BL_Blinky\synergy_cfg\ssp_cfg\driver" -I"C:\Work\SC32\SSP_2_0_0_YASB_GitHub_Public\PK_S5D9_BL_Blinky\synergy\ssp\inc" -I"C:\Work\SC32\SSP_2_0_0_YASB_GitHub_Public\PK_S5D9_BL_Blinky\synergy\ssp\inc\bsp" -I"C:\Work\SC32\SSP_2_0_0_YASB_GitHub_Public\PK_S5D9_BL_Blinky\synergy\ssp\inc\bsp\cmsis\Include" -I"C:\Work\SC32\SSP_2_0_0_YASB_GitHub_Public\PK_S5D9_BL_Blinky\synergy\ssp\inc\driver\api" -I"C:\Work\SC32\SSP_2_0_0_YASB_GitHub_Public\PK_S5D9_BL_Blinky\synergy\ssp\inc\driver\instances" -I"C:\Work\SC32\SSP_2_0_0_YASB_GitHub_Public\PK_S5D9_BL_Blinky\synergy_cfg\ssp_cfg\framework\el" -I"C:\Work\SC32\SSP_2_0_0_YASB_GitHub_Public\PK_S5D9_BL_Blinky\synergy\ssp\inc\framework\el" -I"C:\Work\SC32\SSP_2_0_0_YASB_GitHub_Public\PK_S5D9_BL_Blinky\synergy\ssp\src\framework\el\tx" -std=c99 -MMD -MP -MF"synergy/ssp/src/bsp/cmsis/Device/RENESAS/S5D9/Source/startup_S5D9.d" -MT"synergy/ssp/src/bsp/cmsis/Device/RENESAS/S5D9/Source/startup_S5D9.o" -c -o "synergy/ssp/src/bsp/cmsis/Device/RENESAS/S5D9/Source/startup_S5D9.o" -x c "../synergy/ssp/src/bsp/cmsis/Device/RENESAS/S5D9/Source/startup_S5D9.c"
'Building file: ../synergy/ssp/src/bsp/cmsis/Device/RENESAS/S5D9/Source/system_S5D9.c'
'Invoking: GNU ARM Cross C Compiler'
C:\Users\b3800274\.eclipse\com.renesas.platform_1476787444\Utilities\\/isdebuild arm-none-eabi-gcc -mcpu=cortex-m4 -mthumb -mfloat-abi=hard -mfpu=fpv4-sp-d16 -O2 -fmessage-length=0 -fsigned-char -ffunction-sections -fdata-sections -Wunused -Wuninitialized -Wall -Wextra -Wmissing-declarations -Wconversion -Wpointer-arith -Wshadow -Wlogical-op -Waggregate-return -Wfloat-equal  -g3 -D_RENESAS_SYNERGY_ -I"C:\Work\SC32\SSP_2_0_0_YASB_GitHub_Public\PK_S5D9_BL_Blinky\src" -I"C:\Work\SC32\SSP_2_0_0_YASB_GitHub_Public\PK_S5D9_BL_Blinky\src\synergy_gen" -I"C:\Work\SC32\SSP_2_0_0_YASB_GitHub_Public\PK_S5D9_BL_Blinky\synergy_cfg\ssp_cfg\bsp" -I"C:\Work\SC32\SSP_2_0_0_YASB_GitHub_Public\PK_S5D9_BL_Blinky\synergy_cfg\ssp_cfg\driver" -I"C:\Work\SC32\SSP_2_0_0_YASB_GitHub_Public\PK_S5D9_BL_Blinky\synergy\ssp\inc" -I"C:\Work\SC32\SSP_2_0_0_YASB_GitHub_Public\PK_S5D9_BL_Blinky\synergy\ssp\inc\bsp" -I"C:\Work\SC32\SSP_2_0_0_YASB_GitHub_Public\PK_S5D9_BL_Blinky\synergy\ssp\inc\bsp\cmsis\Include" -I"C:\Work\SC32\SSP_2_0_0_YASB_GitHub_Public\PK_S5D9_BL_Blinky\synergy\ssp\inc\driver\api" -I"C:\Work\SC32\SSP_2_0_0_YASB_GitHub_Public\PK_S5D9_BL_Blinky\synergy\ssp\inc\driver\instances" -I"C:\Work\SC32\SSP_2_0_0_YASB_GitHub_Public\PK_S5D9_BL_Blinky\synergy_cfg\ssp_cfg\framework\el" -I"C:\Work\SC32\SSP_2_0_0_YASB_GitHub_Public\PK_S5D9_BL_Blinky\synergy\ssp\inc\framework\el" -I"C:\Work\SC32\SSP_2_0_0_YASB_GitHub_Public\PK_S5D9_BL_Blinky\synergy\ssp\src\framework\el\tx" -std=c99 -MMD -MP -MF"synergy/ssp/src/bsp/cmsis/Device/RENESAS/S5D9/Source/system_S5D9.d" -MT"synergy/ssp/src/bsp/cmsis/Device/RENESAS/S5D9/Source/system_S5D9.o" -c -o "synergy/ssp/src/bsp/cmsis/Device/RENESAS/S5D9/Source/system_S5D9.o" -x c "../synergy/ssp/src/bsp/cmsis/Device/RENESAS/S5D9/Source/system_S5D9.c"
'Finished building: ../synergy/ssp/src/bsp/mcu/all/bsp_register_protection.c'
'Finished building: ../synergy/ssp/src/bsp/mcu/all/bsp_sbrk.c'
' '
' '
'Finished building: ../synergy/ssp/src/bsp/cmsis/Device/RENESAS/S5D9/Source/startup_S5D9.c'
'Building file: ../synergy/board/s5d9_pk/bsp_init.c'
'Building file: ../synergy/board/s5d9_pk/bsp_leds.c'
' '
'Invoking: GNU ARM Cross C Compiler'
C:\Users\b3800274\.eclipse\com.renesas.platform_1476787444\Utilities\\/isdebuild arm-none-eabi-gcc -mcpu=cortex-m4 -mthumb -mfloat-abi=hard -mfpu=fpv4-sp-d16 -O2 -fmessage-length=0 -fsigned-char -ffunction-sections -fdata-sections -Wunused -Wuninitialized -Wall -Wextra -Wmissing-declarations -Wconversion -Wpointer-arith -Wshadow -Wlogical-op -Waggregate-return -Wfloat-equal  -g3 -D_RENESAS_SYNERGY_ -I"C:\Work\SC32\SSP_2_0_0_YASB_GitHub_Public\PK_S5D9_BL_Blinky\src" -I"C:\Work\SC32\SSP_2_0_0_YASB_GitHub_Public\PK_S5D9_BL_Blinky\src\synergy_gen" -I"C:\Work\SC32\SSP_2_0_0_YASB_GitHub_Public\PK_S5D9_BL_Blinky\synergy_cfg\ssp_cfg\bsp" -I"C:\Work\SC32\SSP_2_0_0_YASB_GitHub_Public\PK_S5D9_BL_Blinky\synergy_cfg\ssp_cfg\driver" -I"C:\Work\SC32\SSP_2_0_0_YASB_GitHub_Public\PK_S5D9_BL_Blinky\synergy\ssp\inc" -I"C:\Work\SC32\SSP_2_0_0_YASB_GitHub_Public\PK_S5D9_BL_Blinky\synergy\ssp\inc\bsp" -I"C:\Work\SC32\SSP_2_0_0_YASB_GitHub_Public\PK_S5D9_BL_Blinky\synergy\ssp\inc\bsp\cmsis\Include" -I"C:\Work\SC32\SSP_2_0_0_YASB_GitHub_Public\PK_S5D9_BL_Blinky\synergy\ssp\inc\driver\api" -I"C:\Work\SC32\SSP_2_0_0_YASB_GitHub_Public\PK_S5D9_BL_Blinky\synergy\ssp\inc\driver\instances" -I"C:\Work\SC32\SSP_2_0_0_YASB_GitHub_Public\PK_S5D9_BL_Blinky\synergy_cfg\ssp_cfg\framework\el" -I"C:\Work\SC32\SSP_2_0_0_YASB_GitHub_Public\PK_S5D9_BL_Blinky\synergy\ssp\inc\framework\el" -I"C:\Work\SC32\SSP_2_0_0_YASB_GitHub_Public\PK_S5D9_BL_Blinky\synergy\ssp\src\framework\el\tx" -std=c99 -MMD -MP -MF"synergy/board/s5d9_pk/bsp_init.d" -MT"synergy/board/s5d9_pk/bsp_init.o" -c -o "synergy/board/s5d9_pk/bsp_init.o" -x c "../synergy/board/s5d9_pk/bsp_init.c"
'Invoking: GNU ARM Cross C Compiler'
C:\Users\b3800274\.eclipse\com.renesas.platform_1476787444\Utilities\\/isdebuild arm-none-eabi-gcc -mcpu=cortex-m4 -mthumb -mfloat-abi=hard -mfpu=fpv4-sp-d16 -O2 -fmessage-length=0 -fsigned-char -ffunction-sections -fdata-sections -Wunused -Wuninitialized -Wall -Wextra -Wmissing-declarations -Wconversion -Wpointer-arith -Wshadow -Wlogical-op -Waggregate-return -Wfloat-equal  -g3 -D_RENESAS_SYNERGY_ -I"C:\Work\SC32\SSP_2_0_0_YASB_GitHub_Public\PK_S5D9_BL_Blinky\src" -I"C:\Work\SC32\SSP_2_0_0_YASB_GitHub_Public\PK_S5D9_BL_Blinky\src\synergy_gen" -I"C:\Work\SC32\SSP_2_0_0_YASB_GitHub_Public\PK_S5D9_BL_Blinky\synergy_cfg\ssp_cfg\bsp" -I"C:\Work\SC32\SSP_2_0_0_YASB_GitHub_Public\PK_S5D9_BL_Blinky\synergy_cfg\ssp_cfg\driver" -I"C:\Work\SC32\SSP_2_0_0_YASB_GitHub_Public\PK_S5D9_BL_Blinky\synergy\ssp\inc" -I"C:\Work\SC32\SSP_2_0_0_YASB_GitHub_Public\PK_S5D9_BL_Blinky\synergy\ssp\inc\bsp" -I"C:\Work\SC32\SSP_2_0_0_YASB_GitHub_Public\PK_S5D9_BL_Blinky\synergy\ssp\inc\bsp\cmsis\Include" -I"C:\Work\SC32\SSP_2_0_0_YASB_GitHub_Public\PK_S5D9_BL_Blinky\synergy\ssp\inc\driver\api" -I"C:\Work\SC32\SSP_2_0_0_YASB_GitHub_Public\PK_S5D9_BL_Blinky\synergy\ssp\inc\driver\instances" -I"C:\Work\SC32\SSP_2_0_0_YASB_GitHub_Public\PK_S5D9_BL_Blinky\synergy_cfg\ssp_cfg\framework\el" -I"C:\Work\SC32\SSP_2_0_0_YASB_GitHub_Public\PK_S5D9_BL_Blinky\synergy\ssp\inc\framework\el" -I"C:\Work\SC32\SSP_2_0_0_YASB_GitHub_Public\PK_S5D9_BL_Blinky\synergy\ssp\src\framework\el\tx" -std=c99 -MMD -MP -MF"synergy/board/s5d9_pk/bsp_leds.d" -MT"synergy/board/s5d9_pk/bsp_leds.o" -c -o "synergy/board/s5d9_pk/bsp_leds.o" -x c "../synergy/board/s5d9_pk/bsp_leds.c"
'Building file: ../synergy/board/s5d9_pk/bsp_qspi.c'
'Invoking: GNU ARM Cross C Compiler'
C:\Users\b3800274\.eclipse\com.renesas.platform_1476787444\Utilities\\/isdebuild arm-none-eabi-gcc -mcpu=cortex-m4 -mthumb -mfloat-abi=hard -mfpu=fpv4-sp-d16 -O2 -fmessage-length=0 -fsigned-char -ffunction-sections -fdata-sections -Wunused -Wuninitialized -Wall -Wextra -Wmissing-declarations -Wconversion -Wpointer-arith -Wshadow -Wlogical-op -Waggregate-return -Wfloat-equal  -g3 -D_RENESAS_SYNERGY_ -I"C:\Work\SC32\SSP_2_0_0_YASB_GitHub_Public\PK_S5D9_BL_Blinky\src" -I"C:\Work\SC32\SSP_2_0_0_YASB_GitHub_Public\PK_S5D9_BL_Blinky\src\synergy_gen" -I"C:\Work\SC32\SSP_2_0_0_YASB_GitHub_Public\PK_S5D9_BL_Blinky\synergy_cfg\ssp_cfg\bsp" -I"C:\Work\SC32\SSP_2_0_0_YASB_GitHub_Public\PK_S5D9_BL_Blinky\synergy_cfg\ssp_cfg\driver" -I"C:\Work\SC32\SSP_2_0_0_YASB_GitHub_Public\PK_S5D9_BL_Blinky\synergy\ssp\inc" -I"C:\Work\SC32\SSP_2_0_0_YASB_GitHub_Public\PK_S5D9_BL_Blinky\synergy\ssp\inc\bsp" -I"C:\Work\SC32\SSP_2_0_0_YASB_GitHub_Public\PK_S5D9_BL_Blinky\synergy\ssp\inc\bsp\cmsis\Include" -I"C:\Work\SC32\SSP_2_0_0_YASB_GitHub_Public\PK_S5D9_BL_Blinky\synergy\ssp\inc\driver\api" -I"C:\Work\SC32\SSP_2_0_0_YASB_GitHub_Public\PK_S5D9_BL_Blinky\synergy\ssp\inc\driver\instances" -I"C:\Work\SC32\SSP_2_0_0_YASB_GitHub_Public\PK_S5D9_BL_Blinky\synergy_cfg\ssp_cfg\framework\el" -I"C:\Work\SC32\SSP_2_0_0_YASB_GitHub_Public\PK_S5D9_BL_Blinky\synergy\ssp\inc\framework\el" -I"C:\Work\SC32\SSP_2_0_0_YASB_GitHub_Public\PK_S5D9_BL_Blinky\synergy\ssp\src\framework\el\tx" -std=c99 -MMD -MP -MF"synergy/board/s5d9_pk/bsp_qspi.d" -MT"synergy/board/s5d9_pk/bsp_qspi.o" -c -o "synergy/board/s5d9_pk/bsp_qspi.o" -x c "../synergy/board/s5d9_pk/bsp_qspi.c"
'Finished building: ../synergy/ssp/src/bsp/cmsis/Device/RENESAS/S5D9/Source/system_S5D9.c'
' '
'Building file: ../src/synergy_gen/blinky_thread.c'
'Invoking: GNU ARM Cross C Compiler'
C:\Users\b3800274\.eclipse\com.renesas.platform_1476787444\Utilities\\/isdebuild arm-none-eabi-gcc -mcpu=cortex-m4 -mthumb -mfloat-abi=hard -mfpu=fpv4-sp-d16 -O2 -fmessage-length=0 -fsigned-char -ffunction-sections -fdata-sections -Wunused -Wuninitialized -Wall -Wextra -Wmissing-declarations -Wconversion -Wpointer-arith -Wshadow -Wlogical-op -Waggregate-return -Wfloat-equal  -g3 -D_RENESAS_SYNERGY_ -I"C:\Work\SC32\SSP_2_0_0_YASB_GitHub_Public\PK_S5D9_BL_Blinky\src" -I"C:\Work\SC32\SSP_2_0_0_YASB_GitHub_Public\PK_S5D9_BL_Blinky\src\synergy_gen" -I"C:\Work\SC32\SSP_2_0_0_YASB_GitHub_Public\PK_S5D9_BL_Blinky\synergy_cfg\ssp_cfg\bsp" -I"C:\Work\SC32\SSP_2_0_0_YASB_GitHub_Public\PK_S5D9_BL_Blinky\synergy_cfg\ssp_cfg\driver" -I"C:\Work\SC32\SSP_2_0_0_YASB_GitHub_Public\PK_S5D9_BL_Blinky\synergy\ssp\inc" -I"C:\Work\SC32\SSP_2_0_0_YASB_GitHub_Public\PK_S5D9_BL_Blinky\synergy\ssp\inc\bsp" -I"C:\Work\SC32\SSP_2_0_0_YASB_GitHub_Public\PK_S5D9_BL_Blinky\synergy\ssp\inc\bsp\cmsis\Include" -I"C:\Work\SC32\SSP_2_0_0_YASB_GitHub_Public\PK_S5D9_BL_Blinky\synergy\ssp\inc\driver\api" -I"C:\Work\SC32\SSP_2_0_0_YASB_GitHub_Public\PK_S5D9_BL_Blinky\synergy\ssp\inc\driver\instances" -I"C:\Work\SC32\SSP_2_0_0_YASB_GitHub_Public\PK_S5D9_BL_Blinky\synergy_cfg\ssp_cfg\framework\el" -I"C:\Work\SC32\SSP_2_0_0_YASB_GitHub_Public\PK_S5D9_BL_Blinky\synergy\ssp\inc\framework\el" -I"C:\Work\SC32\SSP_2_0_0_YASB_GitHub_Public\PK_S5D9_BL_Blinky\synergy\ssp\src\framework\el\tx" -std=c99 -MMD -MP -MF"src/synergy_gen/blinky_thread.d" -MT"src/synergy_gen/blinky_thread.o" -c -o "src/synergy_gen/blinky_thread.o" -x c "../src/synergy_gen/blinky_thread.c"
'Finished building: ../synergy/board/s5d9_pk/bsp_init.c'
'Finished building: ../synergy/board/s5d9_pk/bsp_leds.c'
' '
' '
'Finished building: ../synergy/board/s5d9_pk/bsp_qspi.c'
'Building file: ../src/synergy_gen/common_data.c'
'Building file: ../src/synergy_gen/hal_data.c'
' '
'Invoking: GNU ARM Cross C Compiler'
C:\Users\b3800274\.eclipse\com.renesas.platform_1476787444\Utilities\\/isdebuild arm-none-eabi-gcc -mcpu=cortex-m4 -mthumb -mfloat-abi=hard -mfpu=fpv4-sp-d16 -O2 -fmessage-length=0 -fsigned-char -ffunction-sections -fdata-sections -Wunused -Wuninitialized -Wall -Wextra -Wmissing-declarations -Wconversion -Wpointer-arith -Wshadow -Wlogical-op -Waggregate-return -Wfloat-equal  -g3 -D_RENESAS_SYNERGY_ -I"C:\Work\SC32\SSP_2_0_0_YASB_GitHub_Public\PK_S5D9_BL_Blinky\src" -I"C:\Work\SC32\SSP_2_0_0_YASB_GitHub_Public\PK_S5D9_BL_Blinky\src\synergy_gen" -I"C:\Work\SC32\SSP_2_0_0_YASB_GitHub_Public\PK_S5D9_BL_Blinky\synergy_cfg\ssp_cfg\bsp" -I"C:\Work\SC32\SSP_2_0_0_YASB_GitHub_Public\PK_S5D9_BL_Blinky\synergy_cfg\ssp_cfg\driver" -I"C:\Work\SC32\SSP_2_0_0_YASB_GitHub_Public\PK_S5D9_BL_Blinky\synergy\ssp\inc" -I"C:\Work\SC32\SSP_2_0_0_YASB_GitHub_Public\PK_S5D9_BL_Blinky\synergy\ssp\inc\bsp" -I"C:\Work\SC32\SSP_2_0_0_YASB_GitHub_Public\PK_S5D9_BL_Blinky\synergy\ssp\inc\bsp\cmsis\Include" -I"C:\Work\SC32\SSP_2_0_0_YASB_GitHub_Public\PK_S5D9_BL_Blinky\synergy\ssp\inc\driver\api" -I"C:\Work\SC32\SSP_2_0_0_YASB_GitHub_Public\PK_S5D9_BL_Blinky\synergy\ssp\inc\driver\instances" -I"C:\Work\SC32\SSP_2_0_0_YASB_GitHub_Public\PK_S5D9_BL_Blinky\synergy_cfg\ssp_cfg\framework\el" -I"C:\Work\SC32\SSP_2_0_0_YASB_GitHub_Public\PK_S5D9_BL_Blinky\synergy\ssp\inc\framework\el" -I"C:\Work\SC32\SSP_2_0_0_YASB_GitHub_Public\PK_S5D9_BL_Blinky\synergy\ssp\src\framework\el\tx" -std=c99 -MMD -MP -MF"src/synergy_gen/common_data.d" -MT"src/synergy_gen/common_data.o" -c -o "src/synergy_gen/common_data.o" -x c "../src/synergy_gen/common_data.c"
'Invoking: GNU ARM Cross C Compiler'
C:\Users\b3800274\.eclipse\com.renesas.platform_1476787444\Utilities\\/isdebuild arm-none-eabi-gcc -mcpu=cortex-m4 -mthumb -mfloat-abi=hard -mfpu=fpv4-sp-d16 -O2 -fmessage-length=0 -fsigned-char -ffunction-sections -fdata-sections -Wunused -Wuninitialized -Wall -Wextra -Wmissing-declarations -Wconversion -Wpointer-arith -Wshadow -Wlogical-op -Waggregate-return -Wfloat-equal  -g3 -D_RENESAS_SYNERGY_ -I"C:\Work\SC32\SSP_2_0_0_YASB_GitHub_Public\PK_S5D9_BL_Blinky\src" -I"C:\Work\SC32\SSP_2_0_0_YASB_GitHub_Public\PK_S5D9_BL_Blinky\src\synergy_gen" -I"C:\Work\SC32\SSP_2_0_0_YASB_GitHub_Public\PK_S5D9_BL_Blinky\synergy_cfg\ssp_cfg\bsp" -I"C:\Work\SC32\SSP_2_0_0_YASB_GitHub_Public\PK_S5D9_BL_Blinky\synergy_cfg\ssp_cfg\driver" -I"C:\Work\SC32\SSP_2_0_0_YASB_GitHub_Public\PK_S5D9_BL_Blinky\synergy\ssp\inc" -I"C:\Work\SC32\SSP_2_0_0_YASB_GitHub_Public\PK_S5D9_BL_Blinky\synergy\ssp\inc\bsp" -I"C:\Work\SC32\SSP_2_0_0_YASB_GitHub_Public\PK_S5D9_BL_Blinky\synergy\ssp\inc\bsp\cmsis\Include" -I"C:\Work\SC32\SSP_2_0_0_YASB_GitHub_Public\PK_S5D9_BL_Blinky\synergy\ssp\inc\driver\api" -I"C:\Work\SC32\SSP_2_0_0_YASB_GitHub_Public\PK_S5D9_BL_Blinky\synergy\ssp\inc\driver\instances" -I"C:\Work\SC32\SSP_2_0_0_YASB_GitHub_Public\PK_S5D9_BL_Blinky\synergy_cfg\ssp_cfg\framework\el" -I"C:\Work\SC32\SSP_2_0_0_YASB_GitHub_Public\PK_S5D9_BL_Blinky\synergy\ssp\inc\framework\el" -I"C:\Work\SC32\SSP_2_0_0_YASB_GitHub_Public\PK_S5D9_BL_Blinky\synergy\ssp\src\framework\el\tx" -std=c99 -MMD -MP -MF"src/synergy_gen/hal_data.d" -MT"src/synergy_gen/hal_data.o" -c -o "src/synergy_gen/hal_data.o" -x c "../src/synergy_gen/hal_data.c"
'Building file: ../src/synergy_gen/main.c'
'Invoking: GNU ARM Cross C Compiler'
C:\Users\b3800274\.eclipse\com.renesas.platform_1476787444\Utilities\\/isdebuild arm-none-eabi-gcc -mcpu=cortex-m4 -mthumb -mfloat-abi=hard -mfpu=fpv4-sp-d16 -O2 -fmessage-length=0 -fsigned-char -ffunction-sections -fdata-sections -Wunused -Wuninitialized -Wall -Wextra -Wmissing-declarations -Wconversion -Wpointer-arith -Wshadow -Wlogical-op -Waggregate-return -Wfloat-equal  -g3 -D_RENESAS_SYNERGY_ -I"C:\Work\SC32\SSP_2_0_0_YASB_GitHub_Public\PK_S5D9_BL_Blinky\src" -I"C:\Work\SC32\SSP_2_0_0_YASB_GitHub_Public\PK_S5D9_BL_Blinky\src\synergy_gen" -I"C:\Work\SC32\SSP_2_0_0_YASB_GitHub_Public\PK_S5D9_BL_Blinky\synergy_cfg\ssp_cfg\bsp" -I"C:\Work\SC32\SSP_2_0_0_YASB_GitHub_Public\PK_S5D9_BL_Blinky\synergy_cfg\ssp_cfg\driver" -I"C:\Work\SC32\SSP_2_0_0_YASB_GitHub_Public\PK_S5D9_BL_Blinky\synergy\ssp\inc" -I"C:\Work\SC32\SSP_2_0_0_YASB_GitHub_Public\PK_S5D9_BL_Blinky\synergy\ssp\inc\bsp" -I"C:\Work\SC32\SSP_2_0_0_YASB_GitHub_Public\PK_S5D9_BL_Blinky\synergy\ssp\inc\bsp\cmsis\Include" -I"C:\Work\SC32\SSP_2_0_0_YASB_GitHub_Public\PK_S5D9_BL_Blinky\synergy\ssp\inc\driver\api" -I"C:\Work\SC32\SSP_2_0_0_YASB_GitHub_Public\PK_S5D9_BL_Blinky\synergy\ssp\inc\driver\instances" -I"C:\Work\SC32\SSP_2_0_0_YASB_GitHub_Public\PK_S5D9_BL_Blinky\synergy_cfg\ssp_cfg\framework\el" -I"C:\Work\SC32\SSP_2_0_0_YASB_GitHub_Public\PK_S5D9_BL_Blinky\synergy\ssp\inc\framework\el" -I"C:\Work\SC32\SSP_2_0_0_YASB_GitHub_Public\PK_S5D9_BL_Blinky\synergy\ssp\src\framework\el\tx" -std=c99 -MMD -MP -MF"src/synergy_gen/main.d" -MT"src/synergy_gen/main.o" -c -o "src/synergy_gen/main.o" -x c "../src/synergy_gen/main.c"
'Finished building: ../src/synergy_gen/blinky_thread.c'
' '
'Building file: ../src/synergy_gen/pin_data.c'
'Invoking: GNU ARM Cross C Compiler'
C:\Users\b3800274\.eclipse\com.renesas.platform_1476787444\Utilities\\/isdebuild arm-none-eabi-gcc -mcpu=cortex-m4 -mthumb -mfloat-abi=hard -mfpu=fpv4-sp-d16 -O2 -fmessage-length=0 -fsigned-char -ffunction-sections -fdata-sections -Wunused -Wuninitialized -Wall -Wextra -Wmissing-declarations -Wconversion -Wpointer-arith -Wshadow -Wlogical-op -Waggregate-return -Wfloat-equal  -g3 -D_RENESAS_SYNERGY_ -I"C:\Work\SC32\SSP_2_0_0_YASB_GitHub_Public\PK_S5D9_BL_Blinky\src" -I"C:\Work\SC32\SSP_2_0_0_YASB_GitHub_Public\PK_S5D9_BL_Blinky\src\synergy_gen" -I"C:\Work\SC32\SSP_2_0_0_YASB_GitHub_Public\PK_S5D9_BL_Blinky\synergy_cfg\ssp_cfg\bsp" -I"C:\Work\SC32\SSP_2_0_0_YASB_GitHub_Public\PK_S5D9_BL_Blinky\synergy_cfg\ssp_cfg\driver" -I"C:\Work\SC32\SSP_2_0_0_YASB_GitHub_Public\PK_S5D9_BL_Blinky\synergy\ssp\inc" -I"C:\Work\SC32\SSP_2_0_0_YASB_GitHub_Public\PK_S5D9_BL_Blinky\synergy\ssp\inc\bsp" -I"C:\Work\SC32\SSP_2_0_0_YASB_GitHub_Public\PK_S5D9_BL_Blinky\synergy\ssp\inc\bsp\cmsis\Include" -I"C:\Work\SC32\SSP_2_0_0_YASB_GitHub_Public\PK_S5D9_BL_Blinky\synergy\ssp\inc\driver\api" -I"C:\Work\SC32\SSP_2_0_0_YASB_GitHub_Public\PK_S5D9_BL_Blinky\synergy\ssp\inc\driver\instances" -I"C:\Work\SC32\SSP_2_0_0_YASB_GitHub_Public\PK_S5D9_BL_Blinky\synergy_cfg\ssp_cfg\framework\el" -I"C:\Work\SC32\SSP_2_0_0_YASB_GitHub_Public\PK_S5D9_BL_Blinky\synergy\ssp\inc\framework\el" -I"C:\Work\SC32\SSP_2_0_0_YASB_GitHub_Public\PK_S5D9_BL_Blinky\synergy\ssp\src\framework\el\tx" -std=c99 -MMD -MP -MF"src/synergy_gen/pin_data.d" -MT"src/synergy_gen/pin_data.o" -c -o "src/synergy_gen/pin_data.o" -x c "../src/synergy_gen/pin_data.c"
'Finished building: ../src/synergy_gen/common_data.c'
'Finished building: ../src/synergy_gen/hal_data.c'
' '
' '
'Building file: ../src/blinky_thread_entry.c'
'Finished building: ../src/synergy_gen/main.c'
'Building file: ../src/hal_entry.c'
'Invoking: GNU ARM Cross C Compiler'
' '
C:\Users\b3800274\.eclipse\com.renesas.platform_1476787444\Utilities\\/isdebuild arm-none-eabi-gcc -mcpu=cortex-m4 -mthumb -mfloat-abi=hard -mfpu=fpv4-sp-d16 -O2 -fmessage-length=0 -fsigned-char -ffunction-sections -fdata-sections -Wunused -Wuninitialized -Wall -Wextra -Wmissing-declarations -Wconversion -Wpointer-arith -Wshadow -Wlogical-op -Waggregate-return -Wfloat-equal  -g3 -D_RENESAS_SYNERGY_ -I"C:\Work\SC32\SSP_2_0_0_YASB_GitHub_Public\PK_S5D9_BL_Blinky\src" -I"C:\Work\SC32\SSP_2_0_0_YASB_GitHub_Public\PK_S5D9_BL_Blinky\src\synergy_gen" -I"C:\Work\SC32\SSP_2_0_0_YASB_GitHub_Public\PK_S5D9_BL_Blinky\synergy_cfg\ssp_cfg\bsp" -I"C:\Work\SC32\SSP_2_0_0_YASB_GitHub_Public\PK_S5D9_BL_Blinky\synergy_cfg\ssp_cfg\driver" -I"C:\Work\SC32\SSP_2_0_0_YASB_GitHub_Public\PK_S5D9_BL_Blinky\synergy\ssp\inc" -I"C:\Work\SC32\SSP_2_0_0_YASB_GitHub_Public\PK_S5D9_BL_Blinky\synergy\ssp\inc\bsp" -I"C:\Work\SC32\SSP_2_0_0_YASB_GitHub_Public\PK_S5D9_BL_Blinky\synergy\ssp\inc\bsp\cmsis\Include" -I"C:\Work\SC32\SSP_2_0_0_YASB_GitHub_Public\PK_S5D9_BL_Blinky\synergy\ssp\inc\driver\api" -I"C:\Work\SC32\SSP_2_0_0_YASB_GitHub_Public\PK_S5D9_BL_Blinky\synergy\ssp\inc\driver\instances" -I"C:\Work\SC32\SSP_2_0_0_YASB_GitHub_Public\PK_S5D9_BL_Blinky\synergy_cfg\ssp_cfg\framework\el" -I"C:\Work\SC32\SSP_2_0_0_YASB_GitHub_Public\PK_S5D9_BL_Blinky\synergy\ssp\inc\framework\el" -I"C:\Work\SC32\SSP_2_0_0_YASB_GitHub_Public\PK_S5D9_BL_Blinky\synergy\ssp\src\framework\el\tx" -std=c99 -MMD -MP -MF"src/blinky_thread_entry.d" -MT"src/blinky_thread_entry.o" -c -o "src/blinky_thread_entry.o" -x c "../src/blinky_thread_entry.c"
'Invoking: GNU ARM Cross C Compiler'
C:\Users\b3800274\.eclipse\com.renesas.platform_1476787444\Utilities\\/isdebuild arm-none-eabi-gcc -mcpu=cortex-m4 -mthumb -mfloat-abi=hard -mfpu=fpv4-sp-d16 -O2 -fmessage-length=0 -fsigned-char -ffunction-sections -fdata-sections -Wunused -Wuninitialized -Wall -Wextra -Wmissing-declarations -Wconversion -Wpointer-arith -Wshadow -Wlogical-op -Waggregate-return -Wfloat-equal  -g3 -D_RENESAS_SYNERGY_ -I"C:\Work\SC32\SSP_2_0_0_YASB_GitHub_Public\PK_S5D9_BL_Blinky\src" -I"C:\Work\SC32\SSP_2_0_0_YASB_GitHub_Public\PK_S5D9_BL_Blinky\src\synergy_gen" -I"C:\Work\SC32\SSP_2_0_0_YASB_GitHub_Public\PK_S5D9_BL_Blinky\synergy_cfg\ssp_cfg\bsp" -I"C:\Work\SC32\SSP_2_0_0_YASB_GitHub_Public\PK_S5D9_BL_Blinky\synergy_cfg\ssp_cfg\driver" -I"C:\Work\SC32\SSP_2_0_0_YASB_GitHub_Public\PK_S5D9_BL_Blinky\synergy\ssp\inc" -I"C:\Work\SC32\SSP_2_0_0_YASB_GitHub_Public\PK_S5D9_BL_Blinky\synergy\ssp\inc\bsp" -I"C:\Work\SC32\SSP_2_0_0_YASB_GitHub_Public\PK_S5D9_BL_Blinky\synergy\ssp\inc\bsp\cmsis\Include" -I"C:\Work\SC32\SSP_2_0_0_YASB_GitHub_Public\PK_S5D9_BL_Blinky\synergy\ssp\inc\driver\api" -I"C:\Work\SC32\SSP_2_0_0_YASB_GitHub_Public\PK_S5D9_BL_Blinky\synergy\ssp\inc\driver\instances" -I"C:\Work\SC32\SSP_2_0_0_YASB_GitHub_Public\PK_S5D9_BL_Blinky\synergy_cfg\ssp_cfg\framework\el" -I"C:\Work\SC32\SSP_2_0_0_YASB_GitHub_Public\PK_S5D9_BL_Blinky\synergy\ssp\inc\framework\el" -I"C:\Work\SC32\SSP_2_0_0_YASB_GitHub_Public\PK_S5D9_BL_Blinky\synergy\ssp\src\framework\el\tx" -std=c99 -MMD -MP -MF"src/hal_entry.d" -MT"src/hal_entry.o" -c -o "src/hal_entry.o" -x c "../src/hal_entry.c"
'Finished building: ../src/synergy_gen/pin_data.c'
' '
'Finished building: ../src/blinky_thread_entry.c'
'Finished building: ../src/hal_entry.c'
' '
' '
'Building target: PK_S5D9_BL_Blinky.elf'
'Invoking: GNU ARM Cross C Linker'
arm-none-eabi-gcc @"PK_S5D9_BL_Blinky.elf.in"
'Finished building target: PK_S5D9_BL_Blinky.elf'
' '
'Invoking: GNU ARM Cross Create Flash Image'
arm-none-eabi-objcopy -O binary "PK_S5D9_BL_Blinky.elf"  "PK_S5D9_BL_Blinky.bin"
'Invoking: GNU ARM Cross Print Size'
arm-none-eabi-size --format=berkeley "PK_S5D9_BL_Blinky.elf"
   text	   data	    bss	    dec	    hex	filename
  19364	    220	   8004	  27588	   6bc4	PK_S5D9_BL_Blinky.elf
'Finished building: PK_S5D9_BL_Blinky.bin'
'Finished building: PK_S5D9_BL_Blinky.siz'
' '
' '
